Microchip MPLAB XC8 Compiler V2.32

Linker command line:

-W-3 --edf=C:\Program Files\Microchip\xc8\v2.32\pic\dat\en_msgs.txt -cn \
  -h+dist/default/debug\spi_petit_fatfs_sdcard.X.debug.sym \
  --cmf=dist/default/debug\spi_petit_fatfs_sdcard.X.debug.cmf -z -Q18F4520 \
  -oC:\Users\USER\AppData\Local\Temp\xcAsabc.4 --defsym=__MPLAB_BUILD=1 \
  -Mdist/default/debug/spi_petit_fatfs_sdcard.X.debug.map -E1 \
  -ver=XC8 Compiler --acfsm=1493 -ASTACK=0486h-05F3h -pstack=STACK \
  -ACODE=00h-07DBFh -ACONST=00h-07DBFh \
  -ASMALLCONST=0600h-06FFhx119,07D00h-07DBFh -AMEDIUMCONST=0600h-07DBFh \
  -ACOMRAM=01h-07Fh -AABS1=00h-05F3h -ABIGRAM=01h-05F3h \
  -ARAM=080h-0FFh,0100h-01FFhx4,0500h-05F3h -ABANK0=080h-0FFh \
  -ABANK1=0100h-01FFh -ABANK2=0200h-02FFh -ABANK3=0300h-03FFh \
  -ABANK4=0400h-04FFh -ABANK5=0500h-05F3h \
  -ASFR=0F80h-0F9Bh,0F9Dh-0FD3h,0FD5h-0FDAh,0FE0h-0FE2h,0FE8h-0FEAh,0FF0h-0FFCh \
  -ACONFIG=0300000h-030000Dh -AIDLOC=0200000h-0200007h \
  -AEEDATA=0F00000h-0F000FFh -peeprom_data=EEDATA \
  -preset_vec=00h,intcode=08h,intcodelo,powerup,init -pramtop=0600h \
  -psmallconst=SMALLCONST -pmediumconst=MEDIUMCONST -pconst=CONST \
  -AFARRAM=00h-00h \
  -prdata=COMRAM,nvrram=COMRAM,nvbit=COMRAM,rbss=COMRAM,rbit=COMRAM \
  -pfarbss=FARRAM,fardata=FARRAM,nvFARRAM=FARRAM \
  -pintsave_regs=BIGRAM,bigbss=BIGRAM,bigdata=BIGRAM -pbss=RAM \
  -pidata=CODE,irdata=CODE,ibigdata=CODE,ifardata=CODE -prparam=COMRAM \
  C:\Users\USER\AppData\Local\Temp\xcAsabc.o \
  dist/default/debug\spi_petit_fatfs_sdcard.X.debug.o 

Object code version is 3.11

Machine type is 18F4520



                Name                               Link     Load   Length Selector   Space Scale
C:\Users\USER\AppData\Local\Temp\xcAsabc.o
                idloc                            200000   200000        8        0       5
                config                           300000   300000        E        0       4
                init                                  E        E        4        4       0
                reset_vec                             0        0        4        0       0
dist/default/debug\spi_petit_fatfs_sdcard.X.debug.o
                intcode                               8        8        6        4       0
                idloc                            200000   200000        8        0       5
                config                           300000   300000        E        0       4
                temp                                 7A       7A        1        1       1
                mediumconst                        7B8C     7B8C      234     3DC6       0
                intcode_body                       4DFE     4DFE       A6        4       0
                text67                             5726     5726       10        4       0
                text66                             4EA4     4EA4       A4        4       0
                text65                             5272     5272       6A        4       0
                text64                             4BAA     4BAA       CE        4       0
                text63                             5688     5688       26        4       0
                text62                             5602     5602       38        4       0
                text61                             53FA     53FA       52        4       0
                text60                             385A     385A      190        4       0
                text59                             39EA     39EA      188        4       0
                text58                             4136     4136      164        4       0
                text57                             54DE     54DE       40        4       0
                text56                             5710     5710       16        4       0
                text55                             4FEA     4FEA       96        4       0
                text54                             549A     549A       44        4       0
                text53                             544C     544C       4E        4       0
                text52                             4D3C     4D3C       C2        4       0
                text51                             1E5C     1E5C      2DE        4       0
                text50                             3532     3532      198        4       0
                text49                             49FC     49FC       DE        4       0
                text48                             4748     4748       F0        4       0
                text47                             4ADA     4ADA       D0        4       0
                text46                             2FD8     2FD8      200        4       0
                text45                             551E     551E       3C        4       0
                text44                             55CA     55CA       38        4       0
                text43                             5592     5592       38        4       0
                text42                             539C     539C       5E        4       0
                text41                             213A     213A      2D4        4       0
                text40                               12       12      7C6        4       0
                text39                             52DC     52DC       62        4       0
                text38                             563A     563A       28        4       0
                text37                             56FA     56FA       16        4       0
                text36                             56C8     56C8       1A        4       0
                text35                             5080     5080       84        4       0
                text34                             4C78     4C78       C4        4       0
                text33                             36CA     36CA      190        4       0
                text32                             31D8     31D8      1C2        4       0
                text31                             15CA     15CA      490        4       0
                text30                             4520     4520      11C        4       0
                text29                             5740     5740        A        4       0
                text28                             5736     5736        A        4       0
                text27                             293A     293A      280        4       0
                text26                              F98      F98      632        4       0
                text25                             555A     555A       38        4       0
                text24                             339A     339A      198        4       0
                text23                             2BBA     2BBA      212        4       0
                text22                             463C     463C      10C        4       0
                text21                             5186     5186       7A        4       0
                text20                             429A     429A      154        4       0
                text19                             4F48     4F48       A2        4       0
                text18                             3FCC     3FCC      16A        4       0
                text17                             3CE8     3CE8      176        4       0
                text16                             491C     491C       E0        4       0
                text15                             1A5A     1A5A      402        4       0
                text14                             3E5E     3E5E      16E        4       0
                text13                             26B8     26B8      282        4       0
                text12                             4838     4838       E4        4       0
                text11                             56AE     56AE       1A        4       0
                text10                             2DCC     2DCC      20C        4       0
                text9                              5104     5104       82        4       0
                text8                              56E2     56E2       18        4       0
                text7                              5662     5662       26        4       0
                text6                              5756     5756        4     2BA9       0
                text5                              5752     5752        4     2BA9       0
                text4                              3B72     3B72      176        4       0
                text3                              43EE     43EE      132        4       0
                text2                              533E     533E       5E        4       0
                text1                              240E     240E      2AA        4       0
                text0                               7D8      7D8      7C0        4       0
                cstackCOMRAM                          1        1       75        1       1
                cstackBANK0                          80       80       77       80       1
                cstackBANK1                         100      100       BF      100       1
                bssBANK4                            400      400       86      400       1
                bssBANK3                            300      300       80      300       1
                bssBANK2                            200      200       86      200       1
                dataBANK1                           1E1      1E1        7      100       1
                bssBANK1                            1BF      1BF       22      100       1
                bssBANK0                             F7       F7        9       80       1
                bssCOMRAM                            76       76        4        1       1
                cinit                              5200     5200       72        4       0
                idataBANK1                         574A     574A        7        4       0

TOTAL           Name                               Link     Load   Length     Space
        CLASS   STACK          

        CLASS   CODE           
                intcode                               8        8        6         0
                init                                  E        E        4         0
                reset_vec                             0        0        4         0
                intcode_body                       4DFE     4DFE       A6         0
                text67                             5726     5726       10         0
                text66                             4EA4     4EA4       A4         0
                text65                             5272     5272       6A         0
                text64                             4BAA     4BAA       CE         0
                text63                             5688     5688       26         0
                text62                             5602     5602       38         0
                text61                             53FA     53FA       52         0
                text60                             385A     385A      190         0
                text59                             39EA     39EA      188         0
                text58                             4136     4136      164         0
                text57                             54DE     54DE       40         0
                text56                             5710     5710       16         0
                text55                             4FEA     4FEA       96         0
                text54                             549A     549A       44         0
                text53                             544C     544C       4E         0
                text52                             4D3C     4D3C       C2         0
                text51                             1E5C     1E5C      2DE         0
                text50                             3532     3532      198         0
                text49                             49FC     49FC       DE         0
                text48                             4748     4748       F0         0
                text47                             4ADA     4ADA       D0         0
                text46                             2FD8     2FD8      200         0
                text45                             551E     551E       3C         0
                text44                             55CA     55CA       38         0
                text43                             5592     5592       38         0
                text42                             539C     539C       5E         0
                text41                             213A     213A      2D4         0
                text40                               12       12      7C6         0
                text39                             52DC     52DC       62         0
                text38                             563A     563A       28         0
                text37                             56FA     56FA       16         0
                text36                             56C8     56C8       1A         0
                text35                             5080     5080       84         0
                text34                             4C78     4C78       C4         0
                text33                             36CA     36CA      190         0
                text32                             31D8     31D8      1C2         0
                text31                             15CA     15CA      490         0
                text30                             4520     4520      11C         0
                text29                             5740     5740        A         0
                text28                             5736     5736        A         0
                text27                             293A     293A      280         0
                text26                              F98      F98      632         0
                text25                             555A     555A       38         0
                text24                             339A     339A      198         0
                text23                             2BBA     2BBA      212         0
                text22                             463C     463C      10C         0
                text21                             5186     5186       7A         0
                text20                             429A     429A      154         0
                text19                             4F48     4F48       A2         0
                text18                             3FCC     3FCC      16A         0
                text17                             3CE8     3CE8      176         0
                text16                             491C     491C       E0         0
                text15                             1A5A     1A5A      402         0
                text14                             3E5E     3E5E      16E         0
                text13                             26B8     26B8      282         0
                text12                             4838     4838       E4         0
                text11                             56AE     56AE       1A         0
                text10                             2DCC     2DCC      20C         0
                text9                              5104     5104       82         0
                text8                              56E2     56E2       18         0
                text7                              5662     5662       26         0
                text6                              5756     5756        4         0
                text5                              5752     5752        4         0
                text4                              3B72     3B72      176         0
                text3                              43EE     43EE      132         0
                text2                              533E     533E       5E         0
                text1                              240E     240E      2AA         0
                text0                               7D8      7D8      7C0         0
                cinit                              5200     5200       72         0
                idataBANK1                         574A     574A        7         0

        CLASS   CONST          

        CLASS   SMALLCONST     

        CLASS   MEDIUMCONST    
                mediumconst                        7B8C     7B8C      234         0

        CLASS   COMRAM         
                temp                                 7A       7A        1         1
                cstackCOMRAM                          1        1       75         1
                bssCOMRAM                            76       76        4         1

        CLASS   ABS1           

        CLASS   BIGRAM         

        CLASS   RAM            

        CLASS   BANK0          
                cstackBANK0                          80       80       77         1
                bssBANK0                             F7       F7        9         1

        CLASS   BANK1          
                cstackBANK1                         100      100       BF         1
                dataBANK1                           1E1      1E1        7         1
                bssBANK1                            1BF      1BF       22         1

        CLASS   BANK2          
                bssBANK2                            200      200       86         1

        CLASS   BANK3          
                bssBANK3                            300      300       80         1

        CLASS   BANK4          
                bssBANK4                            400      400       86         1

        CLASS   BANK5          

        CLASS   SFR            

        CLASS   CONFIG         
                config                           300000   300000        E         4

        CLASS   IDLOC          
                idloc                            200000   200000        8         5

        CLASS   EEDATA         

        CLASS   FARRAM         



SEGMENTS        Name                           Load    Length   Top    Selector   Space  Class

                reset_vec                      000000  000004  000004         0       0  CODE    
                cstackCOMRAM                   000001  00007A  00007B         1       1  COMRAM  
                intcode                        000008  005749  005751         4       0  CODE    
                cstackBANK0                    000080  000080  000100        80       1  BANK0   
                cstackBANK1                    000100  0000E8  0001E8       100       1  BANK1   
                bssBANK2                       000200  000086  000286       200       1  BANK2   
                bssBANK3                       000300  000080  000380       300       1  BANK3   
                bssBANK4                       000400  000086  000486       400       1  BANK4   
                text5                          005752  000008  00575A      2BA9       0  CODE    
                mediumconst                    007B8C  000234  007DC0      3DC6       0  MEDIUMCO


UNUSED ADDRESS RANGES

        Name                Unused          Largest block    Delta
        BANK1            0001E8-0001FF               18
        BANK2            000286-0002FF               7A
        BANK3            000380-0003FF               80
        BANK4            000486-0004FF               7A
        BANK5            000500-0005F3               F4
        BIGRAM           00007B-00007F                5
                         0001E8-0001FF               18
                         000286-0002FF               7A
                         000380-0003FF               80
                         000486-0005F3              16E
        CODE             000004-000007                4
                         005751-005751                1
                         00575A-007B8B             2432
        COMRAM           00007B-00007F                5
        CONST            000004-000007                4
                         005751-005751                1
                         00575A-007B8B             2432
        EEDATA           F00000-F000FF              100
        MEDIUMCONST      005751-005751                1
                         00575A-007B8B             2432
        RAM              0001E8-0001FF               18
                         000286-0002FF               7A
                         000380-0003FF               80
                         000486-0005F3               7A
        SFR              000F80-000F9B               1C
                         000F9D-000FD3               37
                         000FD5-000FDA                6
                         000FE0-000FE2                3
                         000FE8-000FEA                3
                         000FF0-000FFC                D
        SMALLCONST       005751-005751                1
                         00575A-007B8B              100
        STACK            000486-0005F3              16E

                                  Symbol Table

?___aodiv                 cstackCOMRAM 000006
?___aomod                 cstackCOMRAM 000006
?___lldiv                 cstackCOMRAM 000006
?___lmul                  cstackCOMRAM 000006
?___lodiv                 cstackCOMRAM 000006
?___lomod                 cstackCOMRAM 000006
?___wmul                  cstackCOMRAM 000006
?_abs                     cstackCOMRAM 000018
?_atoi                    cstackCOMRAM 00000D
?_clust2sect              cstackCOMRAM 000012
?_dtoa                    cstackCOMRAM 000022
?_get_clust               cstackCOMRAM 000006
?_get_fat                 cstackBANK0  0000A0
?_isalpha                 cstackCOMRAM 000006
?_isdigit                 cstackCOMRAM 000006
?_islower                 cstackCOMRAM 000006
?_isspace                 cstackCOMRAM 000006
?_isupper                 cstackCOMRAM 000006
?_mem_cmp                 cstackCOMRAM 000006
?_pad                     cstackCOMRAM 000017
?_printf                  cstackBANK0  000086
?_stoa                    cstackCOMRAM 000010
?_strlen                  cstackCOMRAM 000006
?_strncmp                 cstackCOMRAM 000006
?_toupper                 cstackCOMRAM 00000C
?_utoa                    cstackCOMRAM 000022
?_vfpfcnvrt               cstackCOMRAM 000049
?_vfprintf                cstackBANK0  000080
?_xatoi                   cstackCOMRAM 000012
?_xtoa                    cstackCOMRAM 000022
_CCP1CON                  (abs)        000FBD
_CCPR1L                   (abs)        000FBE
_CardType                 bssBANK0     0000FF
_FatFs                    bssBANK0     0000FD
_GIE                      (abs)        007F97
_INT0IF                   (abs)        007F91
_INTCONbits               (abs)        000FF2
_LATAbits                 (abs)        000F89
_LATBbits                 (abs)        000F8A
_LATC                     (abs)        000F8B
_Line                     bssBANK3     000300
_PEIE                     (abs)        007F96
_PORTBbits                (abs)        000F81
_PR2                      (abs)        000FCB
_RCIE                     (abs)        007CED
_RCIF                     (abs)        007CF5
_RCIP                     (abs)        007CFD
_RCREG                    (abs)        000FAE
_RCSTA                    (abs)        000FAB
_RxFifo                   bssBANK2     000200
_SPBRG                    (abs)        000FAF
_SSPBUF                   (abs)        000FC9
_SSPCON1                  (abs)        000FC6
_SSPIF                    (abs)        007CF3
_SSPSTAT                  (abs)        000FC7
_T2CON                    (abs)        000FCA
_TMR2ON                   (abs)        007E52
_TRISAbits                (abs)        000F92
_TRISC                    (abs)        000F94
_TRISCbits                (abs)        000F94
_TXIE                     (abs)        007CEC
_TXIF                     (abs)        007CF4
_TXIP                     (abs)        007CFC
_TXREG                    (abs)        000FAD
_TXSTA                    (abs)        000FAC
_TxFifo                   bssBANK4     000400
_TxRun                    bssBANK0     0000FB
__HRAM                    (abs)        000000
__Habs1                   abs1         000000
__Hbank0                  bank0        000000
__Hbank1                  bank1        000000
__Hbank2                  bank2        000000
__Hbank3                  bank3        000000
__Hbank4                  bank4        000000
__Hbank5                  bank5        000000
__Hbigbss                 bigbss       000000
__Hbigdata                bigdata      000000
__Hbigram                 bigram       000000
__Hbss                    bss          000000
__HbssBANK0               bssBANK0     000000
__HbssBANK1               bssBANK1     000000
__HbssBANK2               bssBANK2     000000
__HbssBANK3               bssBANK3     000000
__HbssBANK4               bssBANK4     000000
__HbssCOMRAM              bssCOMRAM    000000
__Hcinit                  cinit        000000
__Hclrtext                clrtext      000000
__Hcomram                 comram       000000
__Hconfig                 config       30000E
__Hconst                  const        000000
__HcstackBANK0            cstackBANK0  000000
__HcstackBANK1            cstackBANK1  000000
__HcstackCOMRAM           cstackCOMRAM 000000
__Hdata                   data         000000
__HdataBANK1              dataBANK1    000000
__Heeprom_data            eeprom_data  000000
__Hfarbss                 farbss       000000
__Hfardata                fardata      000000
__Hibigdata               ibigdata     000000
__Hidata                  idata        000000
__HidataBANK1             idataBANK1   000000
__Hidloc                  idloc        200008
__Hifardata               ifardata     000000
__Hinit                   init         000012
__Hintcode                intcode      00000E
__Hintcode_body           intcode_body 000000
__Hintcodelo              intcodelo    00000E
__Hintentry               intentry     000000
__Hintret                 intret       000000
__Hintsave_regs           intsave_regs 000000
__Hirdata                 irdata       000000
__Hmediumconst            mediumconst  007DC0
__HnvFARRAM               nvFARRAM     000000
__Hnvbit                  nvbit        000000
__Hnvrram                 nvrram       000000
__Hparam                  rparam       000000
__Hpowerup                powerup      00000E
__Hram                    ram          000000
__Hramtop                 ramtop       000600
__Hrbit                   rbit         000000
__Hrbss                   rbss         000000
__Hrdata                  rdata        000000
__Hreset_vec              reset_vec    000004
__Hrparam                 rparam       000000
__Hsfr                    sfr          000000
__Hsmallconst             smallconst   000000
__Hspace_0                (abs)        007DC0
__Hspace_1                (abs)        000486
__Hspace_2                (abs)        000000
__Hspace_4                (abs)        60000E
__Hstack                  stack        000000
__Hstruct                 struct       000000
__Htemp                   temp         00007B
__Htext                   text         000000
__Htext0                  text0        000000
__Htext1                  text1        000000
__Htext10                 text10       000000
__Htext11                 text11       000000
__Htext12                 text12       000000
__Htext13                 text13       000000
__Htext14                 text14       000000
__Htext15                 text15       000000
__Htext16                 text16       000000
__Htext17                 text17       000000
__Htext18                 text18       000000
__Htext19                 text19       000000
__Htext2                  text2        000000
__Htext20                 text20       000000
__Htext21                 text21       000000
__Htext22                 text22       000000
__Htext23                 text23       000000
__Htext24                 text24       000000
__Htext25                 text25       000000
__Htext26                 text26       000000
__Htext27                 text27       000000
__Htext28                 text28       000000
__Htext29                 text29       000000
__Htext3                  text3        000000
__Htext30                 text30       000000
__Htext31                 text31       000000
__Htext32                 text32       000000
__Htext33                 text33       000000
__Htext34                 text34       000000
__Htext35                 text35       000000
__Htext36                 text36       000000
__Htext37                 text37       000000
__Htext38                 text38       000000
__Htext39                 text39       000000
__Htext4                  text4        000000
__Htext40                 text40       000000
__Htext41                 text41       000000
__Htext42                 text42       000000
__Htext43                 text43       000000
__Htext44                 text44       000000
__Htext45                 text45       000000
__Htext46                 text46       000000
__Htext47                 text47       000000
__Htext48                 text48       000000
__Htext49                 text49       000000
__Htext5                  text5        000000
__Htext50                 text50       000000
__Htext51                 text51       000000
__Htext52                 text52       000000
__Htext53                 text53       000000
__Htext54                 text54       000000
__Htext55                 text55       000000
__Htext56                 text56       000000
__Htext57                 text57       000000
__Htext58                 text58       000000
__Htext59                 text59       000000
__Htext6                  text6        000000
__Htext60                 text60       000000
__Htext61                 text61       000000
__Htext62                 text62       000000
__Htext63                 text63       000000
__Htext64                 text64       000000
__Htext65                 text65       000000
__Htext66                 text66       000000
__Htext67                 text67       000000
__Htext7                  text7        000000
__Htext8                  text8        000000
__Htext9                  text9        000000
__LRAM                    (abs)        000001
__Labs1                   abs1         000000
__Lbank0                  bank0        000000
__Lbank1                  bank1        000000
__Lbank2                  bank2        000000
__Lbank3                  bank3        000000
__Lbank4                  bank4        000000
__Lbank5                  bank5        000000
__Lbigbss                 bigbss       000000
__Lbigdata                bigdata      000000
__Lbigram                 bigram       000000
__Lbss                    bss          000000
__LbssBANK0               bssBANK0     000000
__LbssBANK1               bssBANK1     000000
__LbssBANK2               bssBANK2     000000
__LbssBANK3               bssBANK3     000000
__LbssBANK4               bssBANK4     000000
__LbssCOMRAM              bssCOMRAM    000000
__Lcinit                  cinit        000000
__Lclrtext                clrtext      000000
__Lcomram                 comram       000000
__Lconfig                 config       000000
__Lconst                  const        000000
__LcstackBANK0            cstackBANK0  000000
__LcstackBANK1            cstackBANK1  000000
__LcstackCOMRAM           cstackCOMRAM 000000
__Ldata                   data         000000
__LdataBANK1              dataBANK1    000000
__Leeprom_data            eeprom_data  000000
__Lfarbss                 farbss       000000
__Lfardata                fardata      000000
__Libigdata               ibigdata     000000
__Lidata                  idata        000000
__LidataBANK1             idataBANK1   000000
__Lidloc                  idloc        000000
__Lifardata               ifardata     000000
__Linit                   init         00000E
__Lintcode                intcode      000008
__Lintcode_body           intcode_body 000000
__Lintcodelo              intcodelo    00000E
__Lintentry               intentry     000000
__Lintret                 intret       000000
__Lintsave_regs           intsave_regs 000000
__Lirdata                 irdata       000000
__Lmediumconst            mediumconst  007B8C
__LnvFARRAM               nvFARRAM     000000
__Lnvbit                  nvbit        000000
__Lnvrram                 nvrram       000000
__Lparam                  rparam       000000
__Lpowerup                powerup      00000E
__Lram                    ram          000000
__Lramtop                 ramtop       000600
__Lrbit                   rbit         000000
__Lrbss                   rbss         000000
__Lrdata                  rdata        000000
__Lreset_vec              reset_vec    000000
__Lrparam                 rparam       000000
__Lsfr                    sfr          000000
__Lsmallconst             smallconst   000000
__Lspace_0                (abs)        000000
__Lspace_1                (abs)        000000
__Lspace_2                (abs)        000000
__Lspace_4                (abs)        000000
__Lstack                  stack        000000
__Lstruct                 struct       000000
__Ltemp                   temp         00007A
__Ltext                   text         000000
__Ltext0                  text0        000000
__Ltext1                  text1        000000
__Ltext10                 text10       000000
__Ltext11                 text11       000000
__Ltext12                 text12       000000
__Ltext13                 text13       000000
__Ltext14                 text14       000000
__Ltext15                 text15       000000
__Ltext16                 text16       000000
__Ltext17                 text17       000000
__Ltext18                 text18       000000
__Ltext19                 text19       000000
__Ltext2                  text2        000000
__Ltext20                 text20       000000
__Ltext21                 text21       000000
__Ltext22                 text22       000000
__Ltext23                 text23       000000
__Ltext24                 text24       000000
__Ltext25                 text25       000000
__Ltext26                 text26       000000
__Ltext27                 text27       000000
__Ltext28                 text28       000000
__Ltext29                 text29       000000
__Ltext3                  text3        000000
__Ltext30                 text30       000000
__Ltext31                 text31       000000
__Ltext32                 text32       000000
__Ltext33                 text33       000000
__Ltext34                 text34       000000
__Ltext35                 text35       000000
__Ltext36                 text36       000000
__Ltext37                 text37       000000
__Ltext38                 text38       000000
__Ltext39                 text39       000000
__Ltext4                  text4        000000
__Ltext40                 text40       000000
__Ltext41                 text41       000000
__Ltext42                 text42       000000
__Ltext43                 text43       000000
__Ltext44                 text44       000000
__Ltext45                 text45       000000
__Ltext46                 text46       000000
__Ltext47                 text47       000000
__Ltext48                 text48       000000
__Ltext49                 text49       000000
__Ltext5                  text5        000000
__Ltext50                 text50       000000
__Ltext51                 text51       000000
__Ltext52                 text52       000000
__Ltext53                 text53       000000
__Ltext54                 text54       000000
__Ltext55                 text55       000000
__Ltext56                 text56       000000
__Ltext57                 text57       000000
__Ltext58                 text58       000000
__Ltext59                 text59       000000
__Ltext6                  text6        000000
__Ltext60                 text60       000000
__Ltext61                 text61       000000
__Ltext62                 text62       000000
__Ltext63                 text63       000000
__Ltext64                 text64       000000
__Ltext65                 text65       000000
__Ltext66                 text66       000000
__Ltext67                 text67       000000
__Ltext7                  text7        000000
__Ltext8                  text8        000000
__Ltext9                  text9        000000
__S0                      (abs)        007DC0
__S1                      (abs)        000486
__S2                      (abs)        000000
__S4                      (abs)        000000
__S5                      (abs)        000000
___aodiv                  text59       0039EA
___aodiv@counter          cstackCOMRAM 000016
___aodiv@dividend         cstackCOMRAM 000006
___aodiv@divisor          cstackCOMRAM 00000E
___aodiv@quotient         cstackCOMRAM 000018
___aodiv@sign             cstackCOMRAM 000017
___aomod                  text58       004136
___aomod@counter          cstackCOMRAM 000016
___aomod@dividend         cstackCOMRAM 000006
___aomod@divisor          cstackCOMRAM 00000E
___aomod@sign             cstackCOMRAM 000017
___inthi_sp               stack        000000
___intlo_sp               stack        000000
___lldiv                  text66       004EA4
___lldiv@counter          cstackCOMRAM 000012
___lldiv@dividend         cstackCOMRAM 000006
___lldiv@divisor          cstackCOMRAM 00000A
___lldiv@quotient         cstackCOMRAM 00000E
___lmul                   text65       005272
___lmul@multiplicand      cstackCOMRAM 00000A
___lmul@multiplier        cstackCOMRAM 000006
___lmul@product           cstackCOMRAM 00000E
___lodiv                  text48       004748
___lodiv@counter          cstackCOMRAM 00001E
___lodiv@dividend         cstackCOMRAM 000006
___lodiv@divisor          cstackCOMRAM 00000E
___lodiv@quotient         cstackCOMRAM 000016
___lomod                  text47       004ADA
___lomod@counter          cstackCOMRAM 000016
___lomod@dividend         cstackCOMRAM 000006
___lomod@divisor          cstackCOMRAM 00000E
___param_bank             (abs)        000000
___rparam_used            (abs)        000001
___sp                     stack        000000
___wmul                   text63       005688
___wmul@multiplicand      cstackCOMRAM 000008
___wmul@multiplier        cstackCOMRAM 000006
___wmul@product           cstackCOMRAM 00000A
__accesstop               (abs)        000080
__activetblptr            (abs)        000002
__end_of___aodiv          text59       003B72
__end_of___aomod          text58       00429A
__end_of___lldiv          text66       004F48
__end_of___lmul           text65       0052DC
__end_of___lodiv          text48       004838
__end_of___lomod          text47       004BAA
__end_of___wmul           text63       0056AE
__end_of__initialization  cinit        005264
__end_of_abs              text57       00551E
__end_of_atoi             text60       0039EA
__end_of_check_fs         text30       00463C
__end_of_clust2sect       text64       004C78
__end_of_create_name      text24       003532
__end_of_dir_find         text20       0043EE
__end_of_dir_next         text23       002DCC
__end_of_dir_read         text14       003FCC
__end_of_dir_rewind       text22       004748
__end_of_disk_initialize  text27       002BBA
__end_of_disk_readp       text33       00385A
__end_of_dly_100us        text29       00574A
__end_of_dtoa             text51       00213A
__end_of_follow_path      text18       004136
__end_of_fputc            text55       005080
__end_of_fputs            text54       0054DE
__end_of_get_clust        text19       004FEA
__end_of_get_fat          text32       00339A
__end_of_get_fileinfo     text13       00293A
__end_of_gpio_init        text67       005736
__end_of_init_spi         text28       005740
__end_of_isalpha          text45       00555A
__end_of_isdigit          text62       00563A
__end_of_islower          text43       0055CA
__end_of_isr_high         intcode_body 004EA4
__end_of_isspace          text61       00544C
__end_of_isupper          text44       005602
__end_of_main             text0        000F98
__end_of_mem_cmp          text21       005200
__end_of_mem_set          text25       005592
__end_of_memset           text4        003CE8
__end_of_pad              text52       004DFE
__end_of_pf_lseek         text31       001A5A
__end_of_pf_mount         text26       0015CA
__end_of_pf_open          text17       003E5E
__end_of_pf_opendir       text16       0049FC
__end_of_pf_read          text15       001E5C
__end_of_pf_readdir       text12       00491C
__end_of_printf           text38       005662
__end_of_put_drc          text11       0056C8
__end_of_put_dump         text10       002FD8
__end_of_put_rc           text9        005186
__end_of_putch            text56       005726
__end_of_pwm_Init         text8        0056FA
__end_of_pwm_setDuty      text7        005688
__end_of_pwm_start        text6        00575A
__end_of_pwm_stop         text5        005756
__end_of_rcv_spi          text37       005710
__end_of_send_cmd         text34       004D3C
__end_of_send_cmd2        text35       005104
__end_of_stoa             text50       0036CA
__end_of_strlen           text53       00549A
__end_of_strncmp          text49       004ADA
__end_of_toupper          text42       0053FA
__end_of_uart_gets        text3        004520
__end_of_uart_init        text2        00539C
__end_of_utoa             text46       0031D8
__end_of_vfpfcnvrt        text40       0007D8
__end_of_vfprintf         text39       00533E
__end_of_xatoi            text1        0026B8
__end_of_xmit_spi         text36       0056E2
__end_of_xtoa             text41       00240E
__end_ofcreate_name@cvt   mediumconst  007C0D
__end_ofput_rc@str        mediumconst  007C52
__initialization          cinit        005200
__mediumconst             mediumconst  007B8C
__pbssBANK0               bssBANK0     0000F7
__pbssBANK1               bssBANK1     0001BF
__pbssBANK2               bssBANK2     000200
__pbssBANK3               bssBANK3     000300
__pbssBANK4               bssBANK4     000400
__pbssCOMRAM              bssCOMRAM    000076
__pcinit                  cinit        005200
__pcstackBANK0            cstackBANK0  000080
__pcstackBANK1            cstackBANK1  000100
__pcstackCOMRAM           cstackCOMRAM 000001
__pdataBANK1              dataBANK1    0001E1
__pidataBANK1             idataBANK1   00574A
__pintcode                intcode      000008
__pintcode_body           intcode_body 004DFE
__pmediumconst            mediumconst  007B8C
__ptext0                  text0        0007D8
__ptext1                  text1        00240E
__ptext10                 text10       002DCC
__ptext11                 text11       0056AE
__ptext12                 text12       004838
__ptext13                 text13       0026B8
__ptext14                 text14       003E5E
__ptext15                 text15       001A5A
__ptext16                 text16       00491C
__ptext17                 text17       003CE8
__ptext18                 text18       003FCC
__ptext19                 text19       004F48
__ptext2                  text2        00533E
__ptext20                 text20       00429A
__ptext21                 text21       005186
__ptext22                 text22       00463C
__ptext23                 text23       002BBA
__ptext24                 text24       00339A
__ptext25                 text25       00555A
__ptext26                 text26       000F98
__ptext27                 text27       00293A
__ptext28                 text28       005736
__ptext29                 text29       005740
__ptext3                  text3        0043EE
__ptext30                 text30       004520
__ptext31                 text31       0015CA
__ptext32                 text32       0031D8
__ptext33                 text33       0036CA
__ptext34                 text34       004C78
__ptext35                 text35       005080
__ptext36                 text36       0056C8
__ptext37                 text37       0056FA
__ptext38                 text38       00563A
__ptext39                 text39       0052DC
__ptext4                  text4        003B72
__ptext40                 text40       000012
__ptext41                 text41       00213A
__ptext42                 text42       00539C
__ptext43                 text43       005592
__ptext44                 text44       0055CA
__ptext45                 text45       00551E
__ptext46                 text46       002FD8
__ptext47                 text47       004ADA
__ptext48                 text48       004748
__ptext49                 text49       0049FC
__ptext5                  text5        005752
__ptext50                 text50       003532
__ptext51                 text51       001E5C
__ptext52                 text52       004D3C
__ptext53                 text53       00544C
__ptext54                 text54       00549A
__ptext55                 text55       004FEA
__ptext56                 text56       005710
__ptext57                 text57       0054DE
__ptext58                 text58       004136
__ptext59                 text59       0039EA
__ptext6                  text6        005756
__ptext60                 text60       00385A
__ptext61                 text61       0053FA
__ptext62                 text62       005602
__ptext63                 text63       005688
__ptext64                 text64       004BAA
__ptext65                 text65       005272
__ptext66                 text66       004EA4
__ptext67                 text67       005726
__ptext7                  text7        005662
__ptext8                  text8        0056E2
__ptext9                  text9        005104
__ramtop                  ramtop       000600
__size_of___aodiv         (abs)        000000
__size_of___aomod         (abs)        000000
__size_of___lldiv         (abs)        000000
__size_of___lmul          (abs)        000000
__size_of___lodiv         (abs)        000000
__size_of___lomod         (abs)        000000
__size_of___wmul          (abs)        000000
__size_of_abs             (abs)        000000
__size_of_atoi            (abs)        000000
__size_of_check_fs        (abs)        000000
__size_of_clust2sect      (abs)        000000
__size_of_create_name     (abs)        000000
__size_of_dir_find        (abs)        000000
__size_of_dir_next        (abs)        000000
__size_of_dir_read        (abs)        000000
__size_of_dir_rewind      (abs)        000000
__size_of_disk_initialize (abs)        000000
__size_of_disk_readp      (abs)        000000
__size_of_dly_100us       (abs)        000000
__size_of_dtoa            (abs)        000000
__size_of_follow_path     (abs)        000000
__size_of_fputc           (abs)        000000
__size_of_fputs           (abs)        000000
__size_of_get_clust       (abs)        000000
__size_of_get_fat         (abs)        000000
__size_of_get_fileinfo    (abs)        000000
__size_of_gpio_init       (abs)        000000
__size_of_init_spi        (abs)        000000
__size_of_isalpha         (abs)        000000
__size_of_isdigit         (abs)        000000
__size_of_islower         (abs)        000000
__size_of_isr_high        (abs)        000000
__size_of_isspace         (abs)        000000
__size_of_isupper         (abs)        000000
__size_of_main            (abs)        000000
__size_of_mem_cmp         (abs)        000000
__size_of_mem_set         (abs)        000000
__size_of_memset          (abs)        000000
__size_of_pad             (abs)        000000
__size_of_pf_lseek        (abs)        000000
__size_of_pf_mount        (abs)        000000
__size_of_pf_open         (abs)        000000
__size_of_pf_opendir      (abs)        000000
__size_of_pf_read         (abs)        000000
__size_of_pf_readdir      (abs)        000000
__size_of_printf          (abs)        000000
__size_of_put_drc         (abs)        000000
__size_of_put_dump        (abs)        000000
__size_of_put_rc          (abs)        000000
__size_of_putch           (abs)        000000
__size_of_pwm_Init        (abs)        000000
__size_of_pwm_setDuty     (abs)        000000
__size_of_pwm_start       (abs)        000000
__size_of_pwm_stop        (abs)        000000
__size_of_rcv_spi         (abs)        000000
__size_of_send_cmd        (abs)        000000
__size_of_send_cmd2       (abs)        000000
__size_of_stoa            (abs)        000000
__size_of_strlen          (abs)        000000
__size_of_strncmp         (abs)        000000
__size_of_toupper         (abs)        000000
__size_of_uart_gets       (abs)        000000
__size_of_uart_init       (abs)        000000
__size_of_utoa            (abs)        000000
__size_of_vfpfcnvrt       (abs)        000000
__size_of_vfprintf        (abs)        000000
__size_of_xatoi           (abs)        000000
__size_of_xmit_spi        (abs)        000000
__size_of_xtoa            (abs)        000000
__smallconst              smallconst   000000
_abs                      text57       0054DE
_atoi                     text60       00385A
_atoi$1842                cstackCOMRAM 000015
_atoi$1843                cstackCOMRAM 000019
_atoi$1844                cstackCOMRAM 000017
_check_fs                 text30       004520
_clust2sect               text64       004BAA
_create_name              text24       00339A
_dbuf                     bssBANK1     0001C1
_dir_find                 text20       00429A
_dir_next                 text23       002BBA
_dir_read                 text14       003E5E
_dir_rewind               text22       00463C
_dir_rewind$703           cstackCOMRAM 000023
_disk_initialize          text27       00293A
_disk_initialize$1200     cstackCOMRAM 00001A
_disk_readp               text33       0036CA
_dly_100us                text29       005740
_dtoa                     text51       001E5C
_dtoa$1753                cstackCOMRAM 000034
_flags                    bssCOMRAM    000078
_follow_path              text18       003FCC
_fputc                    text55       004FEA
_fputs                    text54       00549A
_get_clust                text19       004F48
_get_fat                  text32       0031D8
_get_fileinfo             text13       0026B8
_gpio_init                text67       005726
_init_flag                bssBANK1     0001BF
_init_spi                 text28       005736
_isalpha                  text45       00551E
_isdigit                  text62       005602
_islower                  text43       005592
_isr_high                 intcode      000008
_isspace                  text61       0053FA
_isspace$1869             cstackCOMRAM 00000C
_isupper                  text44       0055CA
_main                     text0        0007D8
_mem_cmp                  text21       005186
_mem_set                  text25       00555A
_memset                   text4        003B72
_nout                     bssBANK0     0000F7
_pad                      text52       004D3C
_pf_lseek                 text31       0015CA
_pf_mount                 text26       000F98
_pf_open                  text17       003CE8
_pf_opendir               text16       00491C
_pf_read                  text15       001A5A
_pf_read$894              cstackBANK0  0000D1
_pf_readdir               text12       004838
_prec                     bssCOMRAM    000076
_printf                   text38       00563A
_put_drc                  text11       0056AE
_put_dump                 text10       002DCC
_put_dump$1127            cstackBANK0  0000A0
_put_rc                   text9        005104
_putch                    text56       005710
_pwm_Init                 text8        0056E2
_pwm_setDuty              text7        005662
_pwm_start                text6        005756
_pwm_stop                 text5        005752
_rcv_spi                  text37       0056FA
_send_cmd                 text34       004C78
_send_cmd2                text35       005080
_stoa                     text50       003532
_strlen                   text53       00544C
_strncmp                  text49       0049FC
_toupper                  text42       00539C
_toupper$1924             cstackCOMRAM 000012
_uart_gets                text3        0043EE
_uart_init                text2        00533E
_utoa                     text46       002FD8
_vfpfcnvrt                text40       000012
_vfpfcnvrt$1796           cstackCOMRAM 00005F
_vfprintf                 text39       0052DC
_width                    bssBANK0     0000F9
_xatoi                    text1        00240E
_xmit_spi                 text36       0056C8
_xtoa                     text41       00213A
_xtoa$1781                cstackCOMRAM 000035
_xtoa$1782                cstackCOMRAM 000037
abs@a                     cstackCOMRAM 000018
atoi@n                    cstackCOMRAM 00001A
atoi@neg                  cstackCOMRAM 000013
atoi@s                    cstackCOMRAM 00000D
btemp                     temp         00007A
check_fs@buf              cstackBANK0  0000A0
check_fs@sect             cstackBANK0  0000A2
clust2sect@clst           cstackCOMRAM 000012
clust2sect@fs             cstackCOMRAM 00001B
create_name@c             cstackCOMRAM 00001D
create_name@cvt           mediumconst  007B8D
create_name@dj            cstackCOMRAM 00000E
create_name@i             cstackCOMRAM 00001C
create_name@ni            cstackCOMRAM 000018
create_name@p             cstackCOMRAM 000016
create_name@path          cstackCOMRAM 000010
create_name@sfn           cstackCOMRAM 00001A
create_name@si            cstackCOMRAM 000019
dir_find@c                cstackBANK0  0000D7
dir_find@dir              cstackBANK0  0000D3
dir_find@dj               cstackBANK0  0000D1
dir_find@res              cstackBANK0  0000D8
dir_next@clst             cstackBANK0  0000CB
dir_next@dj               cstackBANK0  0000C0
dir_next@fs               cstackBANK0  0000C9
dir_next@i                cstackBANK0  0000CF
dir_read@a                cstackBANK0  0000D9
dir_read@c                cstackBANK0  0000DA
dir_read@dir              cstackBANK0  0000D3
dir_read@dj               cstackBANK0  0000D1
dir_read@res              cstackBANK0  0000DB
dir_rewind@clst           cstackCOMRAM 000029
dir_rewind@dj             cstackCOMRAM 00001D
dir_rewind@fs             cstackCOMRAM 000027
disk_initialize@cmd       cstackCOMRAM 00001C
disk_initialize@n         cstackCOMRAM 000020
disk_initialize@ocr       cstackCOMRAM 000016
disk_initialize@tmr       cstackCOMRAM 00001E
disk_initialize@ty        cstackCOMRAM 00001D
disk_readp@bc             cstackBANK0  00009E
disk_readp@buff           cstackBANK0  000090
disk_readp@count          cstackBANK0  000098
disk_readp@offset         cstackBANK0  000096
disk_readp@rc             cstackBANK0  00009D
disk_readp@res            cstackBANK0  00009C
disk_readp@sector         cstackBANK0  000092
dtoa@d                    cstackCOMRAM 000024
dtoa@fp                   cstackCOMRAM 000022
dtoa@i                    cstackCOMRAM 000044
dtoa@n                    cstackCOMRAM 00003C
dtoa@p                    cstackCOMRAM 000036
dtoa@s                    cstackCOMRAM 00003A
dtoa@w                    cstackCOMRAM 000038
end_of_initialization     cinit        005264
follow_path@dir           cstackBANK0  0000DB
follow_path@dj            cstackBANK0  0000D9
follow_path@path          cstackBANK0  0000DD
follow_path@res           cstackBANK0  0000E0
fputc@c                   cstackCOMRAM 000007
fputc@fp                  cstackCOMRAM 000009
fputs@c                   cstackCOMRAM 000014
fputs@fp                  cstackCOMRAM 000012
fputs@i                   cstackCOMRAM 000015
fputs@s                   cstackCOMRAM 000010
get_clust@clst            cstackCOMRAM 000012
get_clust@dir             cstackCOMRAM 000006
get_fat@buf               cstackBANK0  0000BA
get_fat@clst              cstackBANK0  0000A0
get_fat@fs                cstackBANK0  0000BE
get_fileinfo@c            cstackCOMRAM 000028
get_fileinfo@dir          cstackCOMRAM 000008
get_fileinfo@dj           cstackCOMRAM 000006
get_fileinfo@fno          cstackCOMRAM 00000A
get_fileinfo@i            cstackCOMRAM 000029
get_fileinfo@p            cstackCOMRAM 000026
int$flags                 temp         00007A
int_func                  intcode_body 004DFE
intlevel0                 text         000000
intlevel1                 text         000000
intlevel2                 text         000000
intlevel3                 text         000000
isa$std                   (abs)        000001
isa$xinst                 (abs)        000000
isalpha@c                 cstackCOMRAM 000006
isdigit@c                 cstackCOMRAM 000006
islower@c                 cstackCOMRAM 000006
isr_high@d                cstackCOMRAM 000003
isr_high@i                cstackCOMRAM 000004
isspace@c                 cstackCOMRAM 000006
isupper@c                 cstackCOMRAM 000006
main@count                cstackBANK1  000160
main@dir                  cstackBANK1  000180
main@fno                  cstackBANK1  00016A
main@fs                   cstackBANK1  000195
main@num_temp             cstackBANK1  000158
main@ofs                  cstackBANK1  00015A
main@p1                   cstackBANK1  000164
main@p2                   cstackBANK1  00015C
main@ptr                  cstackBANK1  000192
main@res                  cstackBANK1  000194
main@s1                   cstackBANK1  000190
main@s2                   cstackBANK1  000168
main@s3                   cstackBANK1  000162
main@upmode               cstackBANK1  000157
mem_cmp@cnt               cstackCOMRAM 00000A
mem_cmp@d                 cstackCOMRAM 00000E
mem_cmp@dst               cstackCOMRAM 000006
mem_cmp@r                 cstackCOMRAM 000012
mem_cmp@s                 cstackCOMRAM 000010
mem_cmp@src               cstackCOMRAM 000008
mem_set@cnt               cstackCOMRAM 00000A
mem_set@d                 cstackCOMRAM 00000C
mem_set@dst               cstackCOMRAM 000006
mem_set@val               cstackCOMRAM 000008
memset@c                  cstackCOMRAM 000008
memset@dest               cstackCOMRAM 000006
memset@k                  cstackCOMRAM 00000E
memset@n                  cstackCOMRAM 00000A
memset@s                  cstackCOMRAM 000010
pad@buf                   cstackCOMRAM 000019
pad@fp                    cstackCOMRAM 000017
pad@i                     cstackCOMRAM 00001E
pad@p                     cstackCOMRAM 00001B
pad@w                     cstackCOMRAM 000020
pf_lseek@bcs              cstackBANK0  0000DD
pf_lseek@clst             cstackBANK0  0000E1
pf_lseek@fs               cstackBANK0  0000E5
pf_lseek@ifptr            cstackBANK0  0000D9
pf_lseek@ofs              cstackBANK0  0000C0
pf_lseek@sect             cstackBANK0  0000D5
pf_mount@bsect            cstackBANK0  0000EE
pf_mount@buf              cstackBANK0  0000C2
pf_mount@fmt              cstackBANK0  0000F6
pf_mount@fs               cstackBANK0  0000AA
pf_mount@fsize            cstackBANK0  0000F2
pf_mount@mclst            cstackBANK0  0000EA
pf_mount@tsect            cstackBANK0  0000E6
pf_open@dir               cstackBANK1  000122
pf_open@dj                cstackBANK1  000145
pf_open@fs                cstackBANK1  000143
pf_open@path              cstackBANK0  0000E1
pf_open@res               cstackBANK1  000142
pf_open@sp                cstackBANK1  000116
pf_opendir@dir            cstackBANK1  000100
pf_opendir@dj             cstackBANK0  0000E1
pf_opendir@fs             cstackBANK1  00012C
pf_opendir@path           cstackBANK0  0000E3
pf_opendir@res            cstackBANK1  00012E
pf_opendir@sp             cstackBANK1  000120
pf_read@br                cstackBANK0  0000C4
pf_read@btr               cstackBANK0  0000C2
pf_read@buff              cstackBANK0  0000C0
pf_read@clst              cstackBANK0  0000DB
pf_read@cs                cstackBANK0  0000DF
pf_read@dr                cstackBANK0  0000CE
pf_read@fs                cstackBANK0  0000E2
pf_read@rbuff             cstackBANK0  0000CF
pf_read@rcnt              cstackBANK0  0000E0
pf_read@remain            cstackBANK0  0000D7
pf_read@sect              cstackBANK0  0000D3
pf_readdir@dir            cstackBANK1  000100
pf_readdir@dj             cstackBANK0  0000DC
pf_readdir@fno            cstackBANK0  0000DE
pf_readdir@fs             cstackBANK1  00012C
pf_readdir@res            cstackBANK1  00012E
pf_readdir@sp             cstackBANK1  000120
printf@ap                 cstackCOMRAM 000074
printf@fmt                cstackBANK0  000086
put_drc@res               cstackBANK0  000090
put_dump@addr             cstackBANK0  000092
put_dump@bp               cstackBANK0  0000A2
put_dump@buff             cstackBANK0  000090
put_dump@i                cstackBANK0  0000A4
put_dump@len              cstackBANK0  000096
put_dump@lp               cstackBANK0  00009E
put_dump@sp               cstackBANK0  00009C
put_dump@width            cstackBANK0  000098
put_rc@i                  cstackBANK0  000090
put_rc@p                  cstackBANK0  000092
put_rc@rc                 cstackBANK0  000091
put_rc@str                mediumconst  007C0D
putch@byte                cstackCOMRAM 000006
pwm_Init@period           cstackCOMRAM 000006
pwm_setDuty@dutycycle     cstackCOMRAM 000006
send_cmd2@arg             cstackCOMRAM 000007
send_cmd2@cmd             cstackCOMRAM 00000C
send_cmd2@n               cstackCOMRAM 00000D
send_cmd2@res             cstackCOMRAM 00000B
send_cmd@arg              cstackCOMRAM 00000E
send_cmd@cmd              cstackCOMRAM 000013
send_cmd@n                cstackCOMRAM 000012
send_cmd@res              cstackCOMRAM 000014
stackhi                   (abs)        0005F3
stacklo                   (abs)        000486
start                     init         00000E
start_initialization      cinit        005200
stoa@F1141                dataBANK1    0001E1
stoa@cp                   cstackCOMRAM 000020
stoa@fp                   cstackCOMRAM 000010
stoa@i                    cstackCOMRAM 00001C
stoa@l                    cstackCOMRAM 000024
stoa@nuls                 cstackCOMRAM 000015
stoa@p                    cstackCOMRAM 000022
stoa@s                    cstackCOMRAM 000012
stoa@w                    cstackCOMRAM 00001E
strlen@a                  cstackCOMRAM 000008
strlen@s                  cstackCOMRAM 000006
strncmp@_l                cstackCOMRAM 000006
strncmp@_r                cstackCOMRAM 000008
strncmp@l                 cstackCOMRAM 00000D
strncmp@n                 cstackCOMRAM 00000A
strncmp@r                 cstackCOMRAM 00000F
toupper@c                 cstackCOMRAM 00000C
ttemp5                    temp         00007B
ttemp6                    temp         00007E
ttemp7                    temp         000082
uart_gets@buff            cstackBANK0  000090
uart_gets@c               cstackBANK0  00009B
uart_gets@i               cstackBANK0  000099
uart_gets@len             cstackBANK0  000092
utoa@d                    cstackCOMRAM 000024
utoa@fp                   cstackCOMRAM 000022
utoa@i                    cstackCOMRAM 000040
utoa@n                    cstackCOMRAM 000038
utoa@p                    cstackCOMRAM 000034
utoa@w                    cstackCOMRAM 000036
vfpfcnvrt@ap              cstackCOMRAM 00004D
vfpfcnvrt@c               cstackCOMRAM 000069
vfpfcnvrt@cp              cstackCOMRAM 00005D
vfpfcnvrt@fmt             cstackCOMRAM 00004B
vfpfcnvrt@fp              cstackCOMRAM 000049
vfpfcnvrt@ll              cstackCOMRAM 000061
vfpfcnvrt@llu             cstackCOMRAM 00006A
vfprintf@ap               cstackBANK0  000084
vfprintf@cfmt             cstackCOMRAM 000072
vfprintf@fmt              cstackBANK0  000082
vfprintf@fp               cstackBANK0  000080
wtemp8                    temp         00007B
xatoi@c                   cstackCOMRAM 00001E
xatoi@r                   cstackCOMRAM 000019
xatoi@res                 cstackCOMRAM 000014
xatoi@s                   cstackCOMRAM 000018
xatoi@str                 cstackCOMRAM 000012
xatoi@val                 cstackCOMRAM 00001A
xmit_spi@d                cstackCOMRAM 000006
xtoa@c                    cstackCOMRAM 000047
xtoa@d                    cstackCOMRAM 000024
xtoa@fp                   cstackCOMRAM 000022
xtoa@i                    cstackCOMRAM 000045
xtoa@n                    cstackCOMRAM 00003D
xtoa@p                    cstackCOMRAM 000039
xtoa@w                    cstackCOMRAM 00003B
xtoa@x                    cstackCOMRAM 00002C


MODULE INFORMATION

Module		Function		Class		Link	Load	Size
C:\Program Files\Microchip\xc8\v2.32\pic\sources\c99\common\memset.c
		_memset        		CODE           	3B72	0000	374

C:\Program Files\Microchip\xc8\v2.32\pic\sources\c99\common\memset.c estimated size: 374

C:\Program Files\Microchip\xc8\v2.32\pic\sources\c99\common\isdigit.c
		_isdigit       		CODE           	5602	0000	56

C:\Program Files\Microchip\xc8\v2.32\pic\sources\c99\common\isdigit.c estimated size: 56

pff.c
		_get_clust     		CODE           	4F48	0000	162
		_get_fat       		CODE           	31D8	0000	450
		_create_name   		CODE           	339A	0000	408
		_check_fs      		CODE           	4520	0000	284
		_get_fileinfo  		CODE           	26B8	0000	642
		_dir_read      		CODE           	3E5E	0000	366
		_mem_set       		CODE           	555A	0000	56
		_clust2sect    		CODE           	4BAA	0000	206
		_dir_next      		CODE           	2BBA	0000	530
		_dir_rewind    		CODE           	463C	0000	268
		_pf_open       		CODE           	3CE8	0000	374
		_pf_opendir    		CODE           	491C	0000	224
		_dir_find      		CODE           	429A	0000	340
		_mem_cmp       		CODE           	5186	0000	122
		_pf_lseek      		CODE           	15CA	0000	1168
		_pf_read       		CODE           	1A5A	0000	1026
		_follow_path   		CODE           	3FCC	0000	362
		_pf_readdir    		CODE           	4838	0000	228
		_pf_mount      		CODE           	0F98	0000	1586

pff.c estimated size: 8802

C:\Program Files\Microchip\xc8\v2.32\pic\sources\c99\common\doprnt.c
		_vfpfcnvrt     		CODE           	0012	0000	1990
		_pad           		CODE           	4D3C	0000	194
		_dtoa          		CODE           	1E5C	0000	734
		_vfprintf      		CODE           	52DC	0000	98
		_stoa          		CODE           	3532	0000	408
		_utoa          		CODE           	2FD8	0000	512
		_xtoa          		CODE           	213A	0000	724

C:\Program Files\Microchip\xc8\v2.32\pic\sources\c99\common\doprnt.c estimated size: 4660

uart.c
		_xatoi         		CODE           	240E	0000	682
		_putch         		CODE           	5710	0000	22
		_put_dump      		CODE           	2DCC	0000	524
		_uart_init     		CODE           	533E	0000	94
		_uart_gets     		CODE           	43EE	0000	306
		_isr_high      		CODE           	0008	0000	172

uart.c estimated size: 1800

C:\Program Files\Microchip\xc8\v2.32\pic\sources\c99\common\lomod.c
		___lomod       		CODE           	4ADA	0000	208

C:\Program Files\Microchip\xc8\v2.32\pic\sources\c99\common\lomod.c estimated size: 208

C:\Program Files\Microchip\xc8\v2.32\pic\sources\c99\common\atoi.c
		_atoi          		CODE           	385A	0000	400

C:\Program Files\Microchip\xc8\v2.32\pic\sources\c99\common\atoi.c estimated size: 400

C:\Program Files\Microchip\xc8\v2.32\pic\sources\c99\common\nf_fputs.c
		_fputs         		CODE           	549A	0000	68

C:\Program Files\Microchip\xc8\v2.32\pic\sources\c99\common\nf_fputs.c estimated size: 68

C:\Program Files\Microchip\xc8\v2.32\pic\sources\c99\common\isupper.c
		_isupper       		CODE           	55CA	0000	56

C:\Program Files\Microchip\xc8\v2.32\pic\sources\c99\common\isupper.c estimated size: 56

C:\Program Files\Microchip\xc8\v2.32\pic\sources\c99\common\Umul16.c
		___wmul        		CODE           	5688	0000	38

C:\Program Files\Microchip\xc8\v2.32\pic\sources\c99\common\Umul16.c estimated size: 38

C:\Program Files\Microchip\xc8\v2.32\pic\sources\c99\common\abs.c
		_abs           		CODE           	54DE	0000	64

C:\Program Files\Microchip\xc8\v2.32\pic\sources\c99\common\abs.c estimated size: 64

C:\Program Files\Microchip\xc8\v2.32\pic\sources\c99\common\aomod.c
		___aomod       		CODE           	4136	0000	356

C:\Program Files\Microchip\xc8\v2.32\pic\sources\c99\common\aomod.c estimated size: 356

C:\Program Files\Microchip\xc8\v2.32\pic\sources\c99\common\isspace.c
		_isspace       		CODE           	53FA	0000	82

C:\Program Files\Microchip\xc8\v2.32\pic\sources\c99\common\isspace.c estimated size: 82

C:\Program Files\Microchip\xc8\v2.32\pic\sources\c99\common\islower.c
		_islower       		CODE           	5592	0000	56

C:\Program Files\Microchip\xc8\v2.32\pic\sources\c99\common\islower.c estimated size: 56

C:\Program Files\Microchip\xc8\v2.32\pic\sources\c99\common\lodiv.c
		___lodiv       		CODE           	4748	0000	240

C:\Program Files\Microchip\xc8\v2.32\pic\sources\c99\common\lodiv.c estimated size: 240

C:\Program Files\Microchip\xc8\v2.32\pic\sources\c99\common\strncmp.c
		_strncmp       		CODE           	49FC	0000	222

C:\Program Files\Microchip\xc8\v2.32\pic\sources\c99\common\strncmp.c estimated size: 222

shared
		__initialization		CODE           	5200	0000	100
		create_name@cvt		MEDIUMCONST    	7B8D	0000	128
		put_rc@str     		MEDIUMCONST    	7C0D	0000	69

shared estimated size: 297

C:\Program Files\Microchip\xc8\v2.32\pic\sources\c99\common\toupper.c
		_toupper       		CODE           	539C	0000	94

C:\Program Files\Microchip\xc8\v2.32\pic\sources\c99\common\toupper.c estimated size: 94

C:\Program Files\Microchip\xc8\v2.32\pic\sources\c99\common\isalpha.c
		_isalpha       		CODE           	551E	0000	60

C:\Program Files\Microchip\xc8\v2.32\pic\sources\c99\common\isalpha.c estimated size: 60

C:\Program Files\Microchip\xc8\v2.32\pic\sources\c99\common\Umul32.c
		___lmul        		CODE           	5272	0000	106

C:\Program Files\Microchip\xc8\v2.32\pic\sources\c99\common\Umul32.c estimated size: 106

pic_mmcp.c
		_init_spi      		CODE           	5736	0000	10
		_xmit_spi      		CODE           	56C8	0000	26
		_send_cmd      		CODE           	4C78	0000	196
		_send_cmd2     		CODE           	5080	0000	132
		_rcv_spi       		CODE           	56FA	0000	22
		_disk_initialize		CODE           	293A	0000	640
		_disk_readp    		CODE           	36CA	0000	400
		_dly_100us     		CODE           	5740	0000	10

pic_mmcp.c estimated size: 1436

C:\Program Files\Microchip\xc8\v2.32\pic\sources\c99\common\printf.c
		_printf        		CODE           	563A	0000	40

C:\Program Files\Microchip\xc8\v2.32\pic\sources\c99\common\printf.c estimated size: 40

C:\Program Files\Microchip\xc8\v2.32\pic\sources\c99\common\nf_fputc.c
		_fputc         		CODE           	4FEA	0000	150

C:\Program Files\Microchip\xc8\v2.32\pic\sources\c99\common\nf_fputc.c estimated size: 150

C:\Program Files\Microchip\xc8\v2.32\pic\sources\c99\common\aodiv.c
		___aodiv       		CODE           	39EA	0000	392

C:\Program Files\Microchip\xc8\v2.32\pic\sources\c99\common\aodiv.c estimated size: 392

C:\Program Files\Microchip\xc8\v2.32\pic\sources\c99\common\__lldiv.c
		___lldiv       		CODE           	4EA4	0000	164

C:\Program Files\Microchip\xc8\v2.32\pic\sources\c99\common\__lldiv.c estimated size: 164

main.c
		_main          		CODE           	07D8	0000	1984
		_put_drc       		CODE           	56AE	0000	26
		_put_rc        		CODE           	5104	0000	130
		_gpio_init     		CODE           	5726	0000	16

main.c estimated size: 2156

./pwm.h
		_pwm_setDuty   		CODE           	5662	0000	38
		_pwm_start     		CODE           	5756	0000	4
		_pwm_Init      		CODE           	56E2	0000	24
		_pwm_stop      		CODE           	5752	0000	4

./pwm.h estimated size: 70

C:\Program Files\Microchip\xc8\v2.32\pic\sources\c99\common\strlen.c
		_strlen        		CODE           	544C	0000	78

C:\Program Files\Microchip\xc8\v2.32\pic\sources\c99\common\strlen.c estimated size: 78

