Microchip MPLAB XC8 Compiler V2.32

Linker command line:

-W-3 --edf=C:\Program Files\Microchip\xc8\v2.32\pic\dat\en_msgs.txt -cn \
  -h+dist/default/debug\spi_petit_fatfs_sdcard.X.debug.sym \
  --cmf=dist/default/debug\spi_petit_fatfs_sdcard.X.debug.cmf -z -Q18F4520 \
  -oC:\Users\USER\AppData\Local\Temp\xcAsc2o.4 --defsym=__MPLAB_BUILD=1 \
  -Mdist/default/debug/spi_petit_fatfs_sdcard.X.debug.map -E1 \
  -ver=XC8 Compiler --acfsm=1493 -ASTACK=0486h-05F3h -pstack=STACK \
  -ACODE=00h-07DBFh -ACONST=00h-07DBFh \
  -ASMALLCONST=0600h-06FFhx119,07D00h-07DBFh -AMEDIUMCONST=0600h-07DBFh \
  -ACOMRAM=01h-07Fh -AABS1=00h-05F3h -ABIGRAM=01h-05F3h \
  -ARAM=080h-0FFh,0100h-01FFhx4,0500h-05F3h -ABANK0=080h-0FFh \
  -ABANK1=0100h-01FFh -ABANK2=0200h-02FFh -ABANK3=0300h-03FFh \
  -ABANK4=0400h-04FFh -ABANK5=0500h-05F3h \
  -ASFR=0F80h-0F9Bh,0F9Dh-0FD3h,0FD5h-0FDAh,0FE0h-0FE2h,0FE8h-0FEAh,0FF0h-0FFCh \
  -ACONFIG=0300000h-030000Dh -AIDLOC=0200000h-0200007h \
  -AEEDATA=0F00000h-0F000FFh -peeprom_data=EEDATA \
  -preset_vec=00h,intcode=08h,intcodelo,powerup,init -pramtop=0600h \
  -psmallconst=SMALLCONST -pmediumconst=MEDIUMCONST -pconst=CONST \
  -AFARRAM=00h-00h \
  -prdata=COMRAM,nvrram=COMRAM,nvbit=COMRAM,rbss=COMRAM,rbit=COMRAM \
  -pfarbss=FARRAM,fardata=FARRAM,nvFARRAM=FARRAM \
  -pintsave_regs=BIGRAM,bigbss=BIGRAM,bigdata=BIGRAM -pbss=RAM \
  -pidata=CODE,irdata=CODE,ibigdata=CODE,ifardata=CODE -prparam=COMRAM \
  C:\Users\USER\AppData\Local\Temp\xcAsc2o.o \
  dist/default/debug\spi_petit_fatfs_sdcard.X.debug.o 

Object code version is 3.11

Machine type is 18F4520



                Name                               Link     Load   Length Selector   Space Scale
C:\Users\USER\AppData\Local\Temp\xcAsc2o.o
                idloc                            200000   200000        8        0       5
                config                           300000   300000        E        0       4
                init                                  E        E        4        4       0
                reset_vec                             0        0        4        0       0
dist/default/debug\spi_petit_fatfs_sdcard.X.debug.o
                intcode                               8        8        6        4       0
                idloc                            200000   200000        8        0       5
                config                           300000   300000        E        0       4
                temp                                 7A       7A        1        1       1
                mediumconst                        7B8C     7B8C      234     3DC6       0
                intcode_body                       511C     511C       A4        4       0
                text68                             599E     599E       10        4       0
                text67                             5078     5078       A4        4       0
                text66                             54EC     54EC       6A        4       0
                text65                             4E24     4E24       CE        4       0
                text64                             5902     5902       26        4       0
                text63                             587C     587C       38        4       0
                text62                             5674     5674       52        4       0
                text61                             394A     394A      190        4       0
                text60                             3C64     3C64      188        4       0
                text59                             43B0     43B0      164        4       0
                text58                             5758     5758       40        4       0
                text57                             5988     5988       16        4       0
                text56                             5262     5262       96        4       0
                text55                             5714     5714       44        4       0
                text54                             56C6     56C6       4E        4       0
                text53                             4FB6     4FB6       C2        4       0
                text52                             1F10     1F10      2DE        4       0
                text51                             3620     3620      198        4       0
                text50                             4C76     4C76       DE        4       0
                text49                             49C2     49C2       F0        4       0
                text48                             4D54     4D54       D0        4       0
                text47                             30C6     30C6      200        4       0
                text46                             5798     5798       3C        4       0
                text45                             5844     5844       38        4       0
                text44                             580C     580C       38        4       0
                text43                             5616     5616       5E        4       0
                text42                             21EE     21EE      2D4        4       0
                text41                              7E0      7E0      7C6        4       0
                text40                             5556     5556       62        4       0
                text39                             58B4     58B4       28        4       0
                text38                             5972     5972       16        4       0
                text37                             5928     5928       1A        4       0
                text36                             52F8     52F8       84        4       0
                text35                             4EF2     4EF2       C4        4       0
                text34                             37B8     37B8      192        4       0
                text33                             32C6     32C6      1C2        4       0
                text32                             167E     167E      490        4       0
                text31                             479A     479A      11C        4       0
                text30                             59B8     59B8        A        4       0
                text29                             3ADA     3ADA      18A        4       0
                text28                             59AE     59AE        A        4       0
                text27                             24C2     24C2      2BA        4       0
                text26                              FA6      FA6      6D8        4       0
                text25                             57D4     57D4       38        4       0
                text24                             3488     3488      198        4       0
                text23                             2CA8     2CA8      212        4       0
                text22                             48B6     48B6      10C        4       0
                text21                             53FE     53FE       7A        4       0
                text20                             4514     4514      154        4       0
                text19                             51C0     51C0       A2        4       0
                text18                             4246     4246      16A        4       0
                text17                             3F62     3F62      176        4       0
                text16                             4B96     4B96       E0        4       0
                text15                             1B0E     1B0E      402        4       0
                text14                             40D8     40D8      16E        4       0
                text13                             2A26     2A26      282        4       0
                text12                             4AB2     4AB2       E4        4       0
                text11                             595A     595A       18        4       0
                text10                             2EBA     2EBA      20C        4       0
                text9                              537C     537C       82        4       0
                text8                              5942     5942       18        4       0
                text7                              58DC     58DC       26        4       0
                text6                              59CE     59CE        4     2CE5       0
                text5                              59CA     59CA        4     2CE5       0
                text4                              3DEC     3DEC      176        4       0
                text3                              4668     4668      132        4       0
                text2                              55B8     55B8       5E        4       0
                text1                              277C     277C      2AA        4       0
                text0                                12       12      7CE        4       0
                cstackCOMRAM                          1        1       74        1       1
                cstackBANK0                          80       80       6B       80       1
                cstackBANK1                         100      100       BD      100       1
                bssBANK4                            400      400       86      400       1
                bssBANK3                            300      300       80      300       1
                bssBANK2                            200      200       86      200       1
                dataBANK1                           1E1      1E1        7      100       1
                bssBANK1                            1BD      1BD       24      100       1
                bssBANK0                             EB       EB        8       80       1
                bssCOMRAM                            75       75        5        1       1
                cinit                              5478     5478       74        4       0
                idataBANK1                         59C2     59C2        7        4       0

TOTAL           Name                               Link     Load   Length     Space
        CLASS   STACK          

        CLASS   CODE           
                intcode                               8        8        6         0
                init                                  E        E        4         0
                reset_vec                             0        0        4         0
                intcode_body                       511C     511C       A4         0
                text68                             599E     599E       10         0
                text67                             5078     5078       A4         0
                text66                             54EC     54EC       6A         0
                text65                             4E24     4E24       CE         0
                text64                             5902     5902       26         0
                text63                             587C     587C       38         0
                text62                             5674     5674       52         0
                text61                             394A     394A      190         0
                text60                             3C64     3C64      188         0
                text59                             43B0     43B0      164         0
                text58                             5758     5758       40         0
                text57                             5988     5988       16         0
                text56                             5262     5262       96         0
                text55                             5714     5714       44         0
                text54                             56C6     56C6       4E         0
                text53                             4FB6     4FB6       C2         0
                text52                             1F10     1F10      2DE         0
                text51                             3620     3620      198         0
                text50                             4C76     4C76       DE         0
                text49                             49C2     49C2       F0         0
                text48                             4D54     4D54       D0         0
                text47                             30C6     30C6      200         0
                text46                             5798     5798       3C         0
                text45                             5844     5844       38         0
                text44                             580C     580C       38         0
                text43                             5616     5616       5E         0
                text42                             21EE     21EE      2D4         0
                text41                              7E0      7E0      7C6         0
                text40                             5556     5556       62         0
                text39                             58B4     58B4       28         0
                text38                             5972     5972       16         0
                text37                             5928     5928       1A         0
                text36                             52F8     52F8       84         0
                text35                             4EF2     4EF2       C4         0
                text34                             37B8     37B8      192         0
                text33                             32C6     32C6      1C2         0
                text32                             167E     167E      490         0
                text31                             479A     479A      11C         0
                text30                             59B8     59B8        A         0
                text29                             3ADA     3ADA      18A         0
                text28                             59AE     59AE        A         0
                text27                             24C2     24C2      2BA         0
                text26                              FA6      FA6      6D8         0
                text25                             57D4     57D4       38         0
                text24                             3488     3488      198         0
                text23                             2CA8     2CA8      212         0
                text22                             48B6     48B6      10C         0
                text21                             53FE     53FE       7A         0
                text20                             4514     4514      154         0
                text19                             51C0     51C0       A2         0
                text18                             4246     4246      16A         0
                text17                             3F62     3F62      176         0
                text16                             4B96     4B96       E0         0
                text15                             1B0E     1B0E      402         0
                text14                             40D8     40D8      16E         0
                text13                             2A26     2A26      282         0
                text12                             4AB2     4AB2       E4         0
                text11                             595A     595A       18         0
                text10                             2EBA     2EBA      20C         0
                text9                              537C     537C       82         0
                text8                              5942     5942       18         0
                text7                              58DC     58DC       26         0
                text6                              59CE     59CE        4         0
                text5                              59CA     59CA        4         0
                text4                              3DEC     3DEC      176         0
                text3                              4668     4668      132         0
                text2                              55B8     55B8       5E         0
                text1                              277C     277C      2AA         0
                text0                                12       12      7CE         0
                cinit                              5478     5478       74         0
                idataBANK1                         59C2     59C2        7         0

        CLASS   CONST          

        CLASS   SMALLCONST     

        CLASS   MEDIUMCONST    
                mediumconst                        7B8C     7B8C      234         0

        CLASS   COMRAM         
                temp                                 7A       7A        1         1
                cstackCOMRAM                          1        1       74         1
                bssCOMRAM                            75       75        5         1

        CLASS   ABS1           

        CLASS   BIGRAM         

        CLASS   RAM            

        CLASS   BANK0          
                cstackBANK0                          80       80       6B         1
                bssBANK0                             EB       EB        8         1

        CLASS   BANK1          
                cstackBANK1                         100      100       BD         1
                dataBANK1                           1E1      1E1        7         1
                bssBANK1                            1BD      1BD       24         1

        CLASS   BANK2          
                bssBANK2                            200      200       86         1

        CLASS   BANK3          
                bssBANK3                            300      300       80         1

        CLASS   BANK4          
                bssBANK4                            400      400       86         1

        CLASS   BANK5          

        CLASS   SFR            

        CLASS   CONFIG         
                config                           300000   300000        E         4

        CLASS   IDLOC          
                idloc                            200000   200000        8         5

        CLASS   EEDATA         

        CLASS   FARRAM         



SEGMENTS        Name                           Load    Length   Top    Selector   Space  Class

                reset_vec                      000000  000004  000004         0       0  CODE    
                cstackCOMRAM                   000001  00007A  00007B         1       1  COMRAM  
                intcode                        000008  0059C1  0059C9         4       0  CODE    
                cstackBANK0                    000080  000073  0000F3        80       1  BANK0   
                cstackBANK1                    000100  0000E8  0001E8       100       1  BANK1   
                bssBANK2                       000200  000086  000286       200       1  BANK2   
                bssBANK3                       000300  000080  000380       300       1  BANK3   
                bssBANK4                       000400  000086  000486       400       1  BANK4   
                text5                          0059CA  000008  0059D2      2CE5       0  CODE    
                mediumconst                    007B8C  000234  007DC0      3DC6       0  MEDIUMCO


UNUSED ADDRESS RANGES

        Name                Unused          Largest block    Delta
        BANK0            0000F3-0000FF                D
        BANK1            0001E8-0001FF               18
        BANK2            000286-0002FF               7A
        BANK3            000380-0003FF               80
        BANK4            000486-0004FF               7A
        BANK5            000500-0005F3               F4
        BIGRAM           00007B-00007F                5
                         0000F3-0000FF                D
                         0001E8-0001FF               18
                         000286-0002FF               7A
                         000380-0003FF               80
                         000486-0005F3              16E
        CODE             000004-000007                4
                         0059C9-0059C9                1
                         0059D2-007B8B             21BA
        COMRAM           00007B-00007F                5
        CONST            000004-000007                4
                         0059C9-0059C9                1
                         0059D2-007B8B             21BA
        EEDATA           F00000-F000FF              100
        MEDIUMCONST      0059C9-0059C9                1
                         0059D2-007B8B             21BA
        RAM              0000F3-0000FF                D
                         0001E8-0001FF               18
                         000286-0002FF               7A
                         000380-0003FF               80
                         000486-0005F3               7A
        SFR              000F80-000F9B               1C
                         000F9D-000FD3               37
                         000FD5-000FDA                6
                         000FE0-000FE2                3
                         000FE8-000FEA                3
                         000FF0-000FFC                D
        SMALLCONST       0059C9-0059C9                1
                         0059D2-007B8B              100
        STACK            000486-0005F3              16E

                                  Symbol Table

?___aodiv                 cstackCOMRAM 000006
?___aomod                 cstackCOMRAM 000006
?___lldiv                 cstackCOMRAM 000006
?___lmul                  cstackCOMRAM 000006
?___lodiv                 cstackCOMRAM 000006
?___lomod                 cstackCOMRAM 000006
?___wmul                  cstackCOMRAM 000006
?_abs                     cstackCOMRAM 000018
?_atoi                    cstackCOMRAM 00000D
?_clust2sect              cstackCOMRAM 000012
?_dtoa                    cstackCOMRAM 000022
?_get_clust               cstackCOMRAM 000006
?_get_fat                 cstackBANK0  0000A2
?_isalpha                 cstackCOMRAM 000006
?_isdigit                 cstackCOMRAM 000006
?_islower                 cstackCOMRAM 000006
?_isspace                 cstackCOMRAM 000006
?_isupper                 cstackCOMRAM 000006
?_mem_cmp                 cstackCOMRAM 000006
?_pad                     cstackCOMRAM 000017
?_printf                  cstackBANK0  000086
?_stoa                    cstackCOMRAM 000010
?_strlen                  cstackCOMRAM 000006
?_strncmp                 cstackCOMRAM 000006
?_toupper                 cstackCOMRAM 00000C
?_utoa                    cstackCOMRAM 000022
?_vfpfcnvrt               cstackCOMRAM 000049
?_vfprintf                cstackBANK0  000080
?_xatoi                   cstackCOMRAM 000012
?_xtoa                    cstackCOMRAM 000022
_CCP1CON                  (abs)        000FBD
_CCPR1L                   (abs)        000FBE
_CardType                 bssCOMRAM    000079
_FatFs                    bssBANK0     0000F1
_GIE                      (abs)        007F97
_INT0IF                   (abs)        007F91
_INTCONbits               (abs)        000FF2
_LATAbits                 (abs)        000F89
_LATBbits                 (abs)        000F8A
_LATC                     (abs)        000F8B
_Line                     bssBANK3     000300
_PEIE                     (abs)        007F96
_PORTAbits                (abs)        000F80
_PORTBbits                (abs)        000F81
_PR2                      (abs)        000FCB
_RCIE                     (abs)        007CED
_RCIF                     (abs)        007CF5
_RCIP                     (abs)        007CFD
_RCREG                    (abs)        000FAE
_RCSTA                    (abs)        000FAB
_RxFifo                   bssBANK2     000200
_SPBRG                    (abs)        000FAF
_SSPBUF                   (abs)        000FC9
_SSPCON1                  (abs)        000FC6
_SSPIF                    (abs)        007CF3
_SSPSTAT                  (abs)        000FC7
_T2CON                    (abs)        000FCA
_TMR2ON                   (abs)        007E52
_TRISAbits                (abs)        000F92
_TRISC                    (abs)        000F94
_TRISCbits                (abs)        000F94
_TXIE                     (abs)        007CEC
_TXIF                     (abs)        007CF4
_TXIP                     (abs)        007CFC
_TXREG                    (abs)        000FAD
_TXSTA                    (abs)        000FAC
_TxFifo                   bssBANK4     000400
_TxRun                    bssBANK1     0001BD
__HRAM                    (abs)        000000
__Habs1                   abs1         000000
__Hbank0                  bank0        000000
__Hbank1                  bank1        000000
__Hbank2                  bank2        000000
__Hbank3                  bank3        000000
__Hbank4                  bank4        000000
__Hbank5                  bank5        000000
__Hbigbss                 bigbss       000000
__Hbigdata                bigdata      000000
__Hbigram                 bigram       000000
__Hbss                    bss          000000
__HbssBANK0               bssBANK0     000000
__HbssBANK1               bssBANK1     000000
__HbssBANK2               bssBANK2     000000
__HbssBANK3               bssBANK3     000000
__HbssBANK4               bssBANK4     000000
__HbssCOMRAM              bssCOMRAM    000000
__Hcinit                  cinit        000000
__Hclrtext                clrtext      000000
__Hcomram                 comram       000000
__Hconfig                 config       30000E
__Hconst                  const        000000
__HcstackBANK0            cstackBANK0  000000
__HcstackBANK1            cstackBANK1  000000
__HcstackCOMRAM           cstackCOMRAM 000000
__Hdata                   data         000000
__HdataBANK1              dataBANK1    000000
__Heeprom_data            eeprom_data  000000
__Hfarbss                 farbss       000000
__Hfardata                fardata      000000
__Hibigdata               ibigdata     000000
__Hidata                  idata        000000
__HidataBANK1             idataBANK1   000000
__Hidloc                  idloc        200008
__Hifardata               ifardata     000000
__Hinit                   init         000012
__Hintcode                intcode      00000E
__Hintcode_body           intcode_body 000000
__Hintcodelo              intcodelo    00000E
__Hintentry               intentry     000000
__Hintret                 intret       000000
__Hintsave_regs           intsave_regs 000000
__Hirdata                 irdata       000000
__Hmediumconst            mediumconst  007DC0
__HnvFARRAM               nvFARRAM     000000
__Hnvbit                  nvbit        000000
__Hnvrram                 nvrram       000000
__Hparam                  rparam       000000
__Hpowerup                powerup      00000E
__Hram                    ram          000000
__Hramtop                 ramtop       000600
__Hrbit                   rbit         000000
__Hrbss                   rbss         000000
__Hrdata                  rdata        000000
__Hreset_vec              reset_vec    000004
__Hrparam                 rparam       000000
__Hsfr                    sfr          000000
__Hsmallconst             smallconst   000000
__Hspace_0                (abs)        007DC0
__Hspace_1                (abs)        000486
__Hspace_2                (abs)        000000
__Hspace_4                (abs)        60000E
__Hstack                  stack        000000
__Hstruct                 struct       000000
__Htemp                   temp         00007B
__Htext                   text         000000
__Htext0                  text0        000000
__Htext1                  text1        000000
__Htext10                 text10       000000
__Htext11                 text11       000000
__Htext12                 text12       000000
__Htext13                 text13       000000
__Htext14                 text14       000000
__Htext15                 text15       000000
__Htext16                 text16       000000
__Htext17                 text17       000000
__Htext18                 text18       000000
__Htext19                 text19       000000
__Htext2                  text2        000000
__Htext20                 text20       000000
__Htext21                 text21       000000
__Htext22                 text22       000000
__Htext23                 text23       000000
__Htext24                 text24       000000
__Htext25                 text25       000000
__Htext26                 text26       000000
__Htext27                 text27       000000
__Htext28                 text28       000000
__Htext29                 text29       000000
__Htext3                  text3        000000
__Htext30                 text30       000000
__Htext31                 text31       000000
__Htext32                 text32       000000
__Htext33                 text33       000000
__Htext34                 text34       000000
__Htext35                 text35       000000
__Htext36                 text36       000000
__Htext37                 text37       000000
__Htext38                 text38       000000
__Htext39                 text39       000000
__Htext4                  text4        000000
__Htext40                 text40       000000
__Htext41                 text41       000000
__Htext42                 text42       000000
__Htext43                 text43       000000
__Htext44                 text44       000000
__Htext45                 text45       000000
__Htext46                 text46       000000
__Htext47                 text47       000000
__Htext48                 text48       000000
__Htext49                 text49       000000
__Htext5                  text5        000000
__Htext50                 text50       000000
__Htext51                 text51       000000
__Htext52                 text52       000000
__Htext53                 text53       000000
__Htext54                 text54       000000
__Htext55                 text55       000000
__Htext56                 text56       000000
__Htext57                 text57       000000
__Htext58                 text58       000000
__Htext59                 text59       000000
__Htext6                  text6        000000
__Htext60                 text60       000000
__Htext61                 text61       000000
__Htext62                 text62       000000
__Htext63                 text63       000000
__Htext64                 text64       000000
__Htext65                 text65       000000
__Htext66                 text66       000000
__Htext67                 text67       000000
__Htext68                 text68       000000
__Htext7                  text7        000000
__Htext8                  text8        000000
__Htext9                  text9        000000
__LRAM                    (abs)        000001
__Labs1                   abs1         000000
__Lbank0                  bank0        000000
__Lbank1                  bank1        000000
__Lbank2                  bank2        000000
__Lbank3                  bank3        000000
__Lbank4                  bank4        000000
__Lbank5                  bank5        000000
__Lbigbss                 bigbss       000000
__Lbigdata                bigdata      000000
__Lbigram                 bigram       000000
__Lbss                    bss          000000
__LbssBANK0               bssBANK0     000000
__LbssBANK1               bssBANK1     000000
__LbssBANK2               bssBANK2     000000
__LbssBANK3               bssBANK3     000000
__LbssBANK4               bssBANK4     000000
__LbssCOMRAM              bssCOMRAM    000000
__Lcinit                  cinit        000000
__Lclrtext                clrtext      000000
__Lcomram                 comram       000000
__Lconfig                 config       000000
__Lconst                  const        000000
__LcstackBANK0            cstackBANK0  000000
__LcstackBANK1            cstackBANK1  000000
__LcstackCOMRAM           cstackCOMRAM 000000
__Ldata                   data         000000
__LdataBANK1              dataBANK1    000000
__Leeprom_data            eeprom_data  000000
__Lfarbss                 farbss       000000
__Lfardata                fardata      000000
__Libigdata               ibigdata     000000
__Lidata                  idata        000000
__LidataBANK1             idataBANK1   000000
__Lidloc                  idloc        000000
__Lifardata               ifardata     000000
__Linit                   init         00000E
__Lintcode                intcode      000008
__Lintcode_body           intcode_body 000000
__Lintcodelo              intcodelo    00000E
__Lintentry               intentry     000000
__Lintret                 intret       000000
__Lintsave_regs           intsave_regs 000000
__Lirdata                 irdata       000000
__Lmediumconst            mediumconst  007B8C
__LnvFARRAM               nvFARRAM     000000
__Lnvbit                  nvbit        000000
__Lnvrram                 nvrram       000000
__Lparam                  rparam       000000
__Lpowerup                powerup      00000E
__Lram                    ram          000000
__Lramtop                 ramtop       000600
__Lrbit                   rbit         000000
__Lrbss                   rbss         000000
__Lrdata                  rdata        000000
__Lreset_vec              reset_vec    000000
__Lrparam                 rparam       000000
__Lsfr                    sfr          000000
__Lsmallconst             smallconst   000000
__Lspace_0                (abs)        000000
__Lspace_1                (abs)        000000
__Lspace_2                (abs)        000000
__Lspace_4                (abs)        000000
__Lstack                  stack        000000
__Lstruct                 struct       000000
__Ltemp                   temp         00007A
__Ltext                   text         000000
__Ltext0                  text0        000000
__Ltext1                  text1        000000
__Ltext10                 text10       000000
__Ltext11                 text11       000000
__Ltext12                 text12       000000
__Ltext13                 text13       000000
__Ltext14                 text14       000000
__Ltext15                 text15       000000
__Ltext16                 text16       000000
__Ltext17                 text17       000000
__Ltext18                 text18       000000
__Ltext19                 text19       000000
__Ltext2                  text2        000000
__Ltext20                 text20       000000
__Ltext21                 text21       000000
__Ltext22                 text22       000000
__Ltext23                 text23       000000
__Ltext24                 text24       000000
__Ltext25                 text25       000000
__Ltext26                 text26       000000
__Ltext27                 text27       000000
__Ltext28                 text28       000000
__Ltext29                 text29       000000
__Ltext3                  text3        000000
__Ltext30                 text30       000000
__Ltext31                 text31       000000
__Ltext32                 text32       000000
__Ltext33                 text33       000000
__Ltext34                 text34       000000
__Ltext35                 text35       000000
__Ltext36                 text36       000000
__Ltext37                 text37       000000
__Ltext38                 text38       000000
__Ltext39                 text39       000000
__Ltext4                  text4        000000
__Ltext40                 text40       000000
__Ltext41                 text41       000000
__Ltext42                 text42       000000
__Ltext43                 text43       000000
__Ltext44                 text44       000000
__Ltext45                 text45       000000
__Ltext46                 text46       000000
__Ltext47                 text47       000000
__Ltext48                 text48       000000
__Ltext49                 text49       000000
__Ltext5                  text5        000000
__Ltext50                 text50       000000
__Ltext51                 text51       000000
__Ltext52                 text52       000000
__Ltext53                 text53       000000
__Ltext54                 text54       000000
__Ltext55                 text55       000000
__Ltext56                 text56       000000
__Ltext57                 text57       000000
__Ltext58                 text58       000000
__Ltext59                 text59       000000
__Ltext6                  text6        000000
__Ltext60                 text60       000000
__Ltext61                 text61       000000
__Ltext62                 text62       000000
__Ltext63                 text63       000000
__Ltext64                 text64       000000
__Ltext65                 text65       000000
__Ltext66                 text66       000000
__Ltext67                 text67       000000
__Ltext68                 text68       000000
__Ltext7                  text7        000000
__Ltext8                  text8        000000
__Ltext9                  text9        000000
__S0                      (abs)        007DC0
__S1                      (abs)        000486
__S2                      (abs)        000000
__S4                      (abs)        000000
__S5                      (abs)        000000
___aodiv                  text60       003C64
___aodiv@counter          cstackCOMRAM 000016
___aodiv@dividend         cstackCOMRAM 000006
___aodiv@divisor          cstackCOMRAM 00000E
___aodiv@quotient         cstackCOMRAM 000018
___aodiv@sign             cstackCOMRAM 000017
___aomod                  text59       0043B0
___aomod@counter          cstackCOMRAM 000016
___aomod@dividend         cstackCOMRAM 000006
___aomod@divisor          cstackCOMRAM 00000E
___aomod@sign             cstackCOMRAM 000017
___inthi_sp               stack        000000
___intlo_sp               stack        000000
___lldiv                  text67       005078
___lldiv@counter          cstackCOMRAM 000012
___lldiv@dividend         cstackCOMRAM 000006
___lldiv@divisor          cstackCOMRAM 00000A
___lldiv@quotient         cstackCOMRAM 00000E
___lmul                   text66       0054EC
___lmul@multiplicand      cstackCOMRAM 00000A
___lmul@multiplier        cstackCOMRAM 000006
___lmul@product           cstackCOMRAM 00000E
___lodiv                  text49       0049C2
___lodiv@counter          cstackCOMRAM 00001E
___lodiv@dividend         cstackCOMRAM 000006
___lodiv@divisor          cstackCOMRAM 00000E
___lodiv@quotient         cstackCOMRAM 000016
___lomod                  text48       004D54
___lomod@counter          cstackCOMRAM 000016
___lomod@dividend         cstackCOMRAM 000006
___lomod@divisor          cstackCOMRAM 00000E
___param_bank             (abs)        000000
___rparam_used            (abs)        000001
___sp                     stack        000000
___wmul                   text64       005902
___wmul@multiplicand      cstackCOMRAM 000008
___wmul@multiplier        cstackCOMRAM 000006
___wmul@product           cstackCOMRAM 00000A
__accesstop               (abs)        000080
__activetblptr            (abs)        000002
__end_of___aodiv          text60       003DEC
__end_of___aomod          text59       004514
__end_of___lldiv          text67       00511C
__end_of___lmul           text66       005556
__end_of___lodiv          text49       004AB2
__end_of___lomod          text48       004E24
__end_of___wmul           text64       005928
__end_of__initialization  cinit        0054DE
__end_of_abs              text58       005798
__end_of_atoi             text61       003ADA
__end_of_check_fs         text31       0048B6
__end_of_clust2sect       text65       004EF2
__end_of_create_name      text24       003620
__end_of_dir_find         text20       004668
__end_of_dir_next         text23       002EBA
__end_of_dir_read         text14       004246
__end_of_dir_rewind       text22       0049C2
__end_of_disk_initialize  text27       00277C
__end_of_disk_readp       text34       00394A
__end_of_disk_writep      text29       003C64
__end_of_dly_100us        text30       0059C2
__end_of_dtoa             text52       0021EE
__end_of_follow_path      text18       0043B0
__end_of_fputc            text56       0052F8
__end_of_fputs            text55       005758
__end_of_get_clust        text19       005262
__end_of_get_fat          text33       003488
__end_of_get_fileinfo     text13       002CA8
__end_of_gpio_init        text68       0059AE
__end_of_init_spi         text28       0059B8
__end_of_isalpha          text46       0057D4
__end_of_isdigit          text63       0058B4
__end_of_islower          text44       005844
__end_of_isr_high         intcode_body 0051C0
__end_of_isspace          text62       0056C6
__end_of_isupper          text45       00587C
__end_of_main             text0        0007E0
__end_of_mem_cmp          text21       005478
__end_of_mem_set          text25       00580C
__end_of_memset           text4        003F62
__end_of_pad              text53       005078
__end_of_pf_lseek         text32       001B0E
__end_of_pf_mount         text26       00167E
__end_of_pf_open          text17       0040D8
__end_of_pf_opendir       text16       004C76
__end_of_pf_read          text15       001F10
__end_of_pf_readdir       text12       004B96
__end_of_printf           text39       0058DC
__end_of_put_drc          text11       005972
__end_of_put_dump         text10       0030C6
__end_of_put_rc           text9        0053FE
__end_of_putch            text57       00599E
__end_of_pwm_Init         text8        00595A
__end_of_pwm_setDuty      text7        005902
__end_of_pwm_start        text6        0059D2
__end_of_pwm_stop         text5        0059CE
__end_of_rcv_spi          text38       005988
__end_of_send_cmd         text35       004FB6
__end_of_send_cmd2        text36       00537C
__end_of_stoa             text51       0037B8
__end_of_strlen           text54       005714
__end_of_strncmp          text50       004D54
__end_of_toupper          text43       005674
__end_of_uart_gets        text3        00479A
__end_of_uart_init        text2        005616
__end_of_utoa             text47       0032C6
__end_of_vfpfcnvrt        text41       000FA6
__end_of_vfprintf         text40       0055B8
__end_of_xatoi            text1        002A26
__end_of_xmit_spi         text37       005942
__end_of_xtoa             text42       0024C2
__end_ofcreate_name@cvt   mediumconst  007C0D
__end_ofput_rc@str        mediumconst  007C52
__initialization          cinit        005478
__mediumconst             mediumconst  007B8C
__pbssBANK0               bssBANK0     0000EB
__pbssBANK1               bssBANK1     0001BD
__pbssBANK2               bssBANK2     000200
__pbssBANK3               bssBANK3     000300
__pbssBANK4               bssBANK4     000400
__pbssCOMRAM              bssCOMRAM    000075
__pcinit                  cinit        005478
__pcstackBANK0            cstackBANK0  000080
__pcstackBANK1            cstackBANK1  000100
__pcstackCOMRAM           cstackCOMRAM 000001
__pdataBANK1              dataBANK1    0001E1
__pidataBANK1             idataBANK1   0059C2
__pintcode                intcode      000008
__pintcode_body           intcode_body 00511C
__pmediumconst            mediumconst  007B8C
__ptext0                  text0        000012
__ptext1                  text1        00277C
__ptext10                 text10       002EBA
__ptext11                 text11       00595A
__ptext12                 text12       004AB2
__ptext13                 text13       002A26
__ptext14                 text14       0040D8
__ptext15                 text15       001B0E
__ptext16                 text16       004B96
__ptext17                 text17       003F62
__ptext18                 text18       004246
__ptext19                 text19       0051C0
__ptext2                  text2        0055B8
__ptext20                 text20       004514
__ptext21                 text21       0053FE
__ptext22                 text22       0048B6
__ptext23                 text23       002CA8
__ptext24                 text24       003488
__ptext25                 text25       0057D4
__ptext26                 text26       000FA6
__ptext27                 text27       0024C2
__ptext28                 text28       0059AE
__ptext29                 text29       003ADA
__ptext3                  text3        004668
__ptext30                 text30       0059B8
__ptext31                 text31       00479A
__ptext32                 text32       00167E
__ptext33                 text33       0032C6
__ptext34                 text34       0037B8
__ptext35                 text35       004EF2
__ptext36                 text36       0052F8
__ptext37                 text37       005928
__ptext38                 text38       005972
__ptext39                 text39       0058B4
__ptext4                  text4        003DEC
__ptext40                 text40       005556
__ptext41                 text41       0007E0
__ptext42                 text42       0021EE
__ptext43                 text43       005616
__ptext44                 text44       00580C
__ptext45                 text45       005844
__ptext46                 text46       005798
__ptext47                 text47       0030C6
__ptext48                 text48       004D54
__ptext49                 text49       0049C2
__ptext5                  text5        0059CA
__ptext50                 text50       004C76
__ptext51                 text51       003620
__ptext52                 text52       001F10
__ptext53                 text53       004FB6
__ptext54                 text54       0056C6
__ptext55                 text55       005714
__ptext56                 text56       005262
__ptext57                 text57       005988
__ptext58                 text58       005758
__ptext59                 text59       0043B0
__ptext6                  text6        0059CE
__ptext60                 text60       003C64
__ptext61                 text61       00394A
__ptext62                 text62       005674
__ptext63                 text63       00587C
__ptext64                 text64       005902
__ptext65                 text65       004E24
__ptext66                 text66       0054EC
__ptext67                 text67       005078
__ptext68                 text68       00599E
__ptext7                  text7        0058DC
__ptext8                  text8        005942
__ptext9                  text9        00537C
__ramtop                  ramtop       000600
__size_of___aodiv         (abs)        000000
__size_of___aomod         (abs)        000000
__size_of___lldiv         (abs)        000000
__size_of___lmul          (abs)        000000
__size_of___lodiv         (abs)        000000
__size_of___lomod         (abs)        000000
__size_of___wmul          (abs)        000000
__size_of_abs             (abs)        000000
__size_of_atoi            (abs)        000000
__size_of_check_fs        (abs)        000000
__size_of_clust2sect      (abs)        000000
__size_of_create_name     (abs)        000000
__size_of_dir_find        (abs)        000000
__size_of_dir_next        (abs)        000000
__size_of_dir_read        (abs)        000000
__size_of_dir_rewind      (abs)        000000
__size_of_disk_initialize (abs)        000000
__size_of_disk_readp      (abs)        000000
__size_of_disk_writep     (abs)        000000
__size_of_dly_100us       (abs)        000000
__size_of_dtoa            (abs)        000000
__size_of_follow_path     (abs)        000000
__size_of_fputc           (abs)        000000
__size_of_fputs           (abs)        000000
__size_of_get_clust       (abs)        000000
__size_of_get_fat         (abs)        000000
__size_of_get_fileinfo    (abs)        000000
__size_of_gpio_init       (abs)        000000
__size_of_init_spi        (abs)        000000
__size_of_isalpha         (abs)        000000
__size_of_isdigit         (abs)        000000
__size_of_islower         (abs)        000000
__size_of_isr_high        (abs)        000000
__size_of_isspace         (abs)        000000
__size_of_isupper         (abs)        000000
__size_of_main            (abs)        000000
__size_of_mem_cmp         (abs)        000000
__size_of_mem_set         (abs)        000000
__size_of_memset          (abs)        000000
__size_of_pad             (abs)        000000
__size_of_pf_lseek        (abs)        000000
__size_of_pf_mount        (abs)        000000
__size_of_pf_open         (abs)        000000
__size_of_pf_opendir      (abs)        000000
__size_of_pf_read         (abs)        000000
__size_of_pf_readdir      (abs)        000000
__size_of_printf          (abs)        000000
__size_of_put_drc         (abs)        000000
__size_of_put_dump        (abs)        000000
__size_of_put_rc          (abs)        000000
__size_of_putch           (abs)        000000
__size_of_pwm_Init        (abs)        000000
__size_of_pwm_setDuty     (abs)        000000
__size_of_pwm_start       (abs)        000000
__size_of_pwm_stop        (abs)        000000
__size_of_rcv_spi         (abs)        000000
__size_of_send_cmd        (abs)        000000
__size_of_send_cmd2       (abs)        000000
__size_of_stoa            (abs)        000000
__size_of_strlen          (abs)        000000
__size_of_strncmp         (abs)        000000
__size_of_toupper         (abs)        000000
__size_of_uart_gets       (abs)        000000
__size_of_uart_init       (abs)        000000
__size_of_utoa            (abs)        000000
__size_of_vfpfcnvrt       (abs)        000000
__size_of_vfprintf        (abs)        000000
__size_of_xatoi           (abs)        000000
__size_of_xmit_spi        (abs)        000000
__size_of_xtoa            (abs)        000000
__smallconst              smallconst   000000
_abs                      text58       005758
_atoi                     text61       00394A
_atoi$1968                cstackCOMRAM 000015
_atoi$1969                cstackCOMRAM 000019
_atoi$1970                cstackCOMRAM 000017
_check_fs                 text31       00479A
_clust2sect               text65       004E24
_create_name              text24       003488
_dbuf                     bssBANK1     0001C1
_dir_find                 text20       004514
_dir_next                 text23       002CA8
_dir_read                 text14       0040D8
_dir_rewind               text22       0048B6
_dir_rewind$709           cstackCOMRAM 000023
_disk_initialize          text27       0024C2
_disk_initialize$1320     cstackCOMRAM 000023
_disk_readp               text34       0037B8
_disk_writep              text29       003ADA
_dly_100us                text30       0059B8
_dtoa                     text52       001F10
_dtoa$1879                cstackCOMRAM 000034
_flags                    bssCOMRAM    000077
_follow_path              text18       004246
_fputc                    text56       005262
_fputs                    text55       005714
_get_clust                text19       0051C0
_get_fat                  text33       0032C6
_get_fileinfo             text13       002A26
_gpio_init                text68       00599E
_init_flag                bssBANK1     0001BF
_init_spi                 text28       0059AE
_isalpha                  text46       005798
_isdigit                  text63       00587C
_islower                  text44       00580C
_isr_high                 intcode      000008
_isspace                  text62       005674
_isspace$1995             cstackCOMRAM 00000C
_isupper                  text45       005844
_main                     text0        000012
_mem_cmp                  text21       0053FE
_mem_set                  text25       0057D4
_memset                   text4        003DEC
_nout                     bssBANK0     0000EB
_pad                      text53       004FB6
_pf_lseek                 text32       00167E
_pf_mount                 text26       000FA6
_pf_open                  text17       003F62
_pf_opendir               text16       004B96
_pf_read                  text15       001B0E
_pf_read$900              cstackBANK0  0000D3
_pf_readdir               text12       004AB2
_prec                     bssCOMRAM    000075
_printf                   text39       0058B4
_put_drc                  text11       00595A
_put_dump                 text10       002EBA
_put_dump$1131            cstackBANK0  0000A2
_put_rc                   text9        00537C
_putch                    text57       005988
_pwm_Init                 text8        005942
_pwm_setDuty              text7        0058DC
_pwm_start                text6        0059CE
_pwm_stop                 text5        0059CA
_rcv_spi                  text38       005972
_send_cmd                 text35       004EF2
_send_cmd2                text36       0052F8
_stoa                     text51       003620
_strlen                   text54       0056C6
_strncmp                  text50       004C76
_toupper                  text43       005616
_toupper$2050             cstackCOMRAM 000012
_uart_gets                text3        004668
_uart_init                text2        0055B8
_utoa                     text47       0030C6
_vfpfcnvrt                text41       0007E0
_vfpfcnvrt$1922           cstackCOMRAM 00005F
_vfprintf                 text40       005556
_width                    bssBANK0     0000ED
_xatoi                    text1        00277C
_xmit_spi                 text37       005928
_xtoa                     text42       0021EE
_xtoa$1907                cstackCOMRAM 000035
_xtoa$1908                cstackCOMRAM 000037
abs@a                     cstackCOMRAM 000018
atoi@n                    cstackCOMRAM 00001A
atoi@neg                  cstackCOMRAM 000013
atoi@s                    cstackCOMRAM 00000D
btemp                     temp         00007A
check_fs@buf              cstackBANK0  0000A2
check_fs@sect             cstackBANK0  0000A4
clust2sect@clst           cstackCOMRAM 000012
clust2sect@fs             cstackCOMRAM 00001B
create_name@c             cstackCOMRAM 00001D
create_name@cvt           mediumconst  007B8D
create_name@dj            cstackCOMRAM 00000E
create_name@i             cstackCOMRAM 00001C
create_name@ni            cstackCOMRAM 000018
create_name@p             cstackCOMRAM 000016
create_name@path          cstackCOMRAM 000010
create_name@sfn           cstackCOMRAM 00001A
create_name@si            cstackCOMRAM 000019
dir_find@c                cstackBANK0  0000D9
dir_find@dir              cstackBANK0  0000D5
dir_find@dj               cstackBANK0  0000D3
dir_find@res              cstackBANK0  0000DA
dir_next@clst             cstackBANK0  0000CD
dir_next@dj               cstackBANK0  0000C2
dir_next@fs               cstackBANK0  0000CB
dir_next@i                cstackBANK0  0000D1
dir_read@a                cstackBANK0  0000DB
dir_read@c                cstackBANK0  0000DC
dir_read@dir              cstackBANK0  0000D5
dir_read@dj               cstackBANK0  0000D3
dir_read@res              cstackBANK0  0000DD
dir_rewind@clst           cstackCOMRAM 000029
dir_rewind@dj             cstackCOMRAM 00001D
dir_rewind@fs             cstackCOMRAM 000027
disk_initialize@cmd       cstackCOMRAM 000025
disk_initialize@n         cstackCOMRAM 000029
disk_initialize@ocr       cstackCOMRAM 00001F
disk_initialize@tmr       cstackCOMRAM 000027
disk_initialize@ty        cstackCOMRAM 000026
disk_readp@bc             cstackBANK0  0000A0
disk_readp@buff           cstackBANK0  000092
disk_readp@count          cstackBANK0  00009A
disk_readp@offset         cstackBANK0  000098
disk_readp@rc             cstackBANK0  00009F
disk_readp@res            cstackBANK0  00009E
disk_readp@sector         cstackBANK0  000094
disk_writep@bc            cstackCOMRAM 00001C
disk_writep@buff          cstackCOMRAM 000015
disk_writep@res           cstackCOMRAM 00001B
disk_writep@sc            cstackCOMRAM 000017
disk_writep@wc            bssBANK0     0000EF
dtoa@d                    cstackCOMRAM 000024
dtoa@fp                   cstackCOMRAM 000022
dtoa@i                    cstackCOMRAM 000044
dtoa@n                    cstackCOMRAM 00003C
dtoa@p                    cstackCOMRAM 000036
dtoa@s                    cstackCOMRAM 00003A
dtoa@w                    cstackCOMRAM 000038
end_of_initialization     cinit        0054DE
follow_path@dir           cstackBANK0  0000DD
follow_path@dj            cstackBANK0  0000DB
follow_path@path          cstackBANK0  0000DF
follow_path@res           cstackBANK0  0000E1
fputc@c                   cstackCOMRAM 000007
fputc@fp                  cstackCOMRAM 000009
fputs@c                   cstackCOMRAM 000014
fputs@fp                  cstackCOMRAM 000012
fputs@i                   cstackCOMRAM 000015
fputs@s                   cstackCOMRAM 000010
get_clust@clst            cstackCOMRAM 000012
get_clust@dir             cstackCOMRAM 000006
get_fat@buf               cstackBANK0  0000BC
get_fat@clst              cstackBANK0  0000A2
get_fat@fs                cstackBANK0  0000C0
get_fileinfo@c            cstackCOMRAM 000028
get_fileinfo@dir          cstackCOMRAM 000008
get_fileinfo@dj           cstackCOMRAM 000006
get_fileinfo@fno          cstackCOMRAM 00000A
get_fileinfo@i            cstackCOMRAM 000029
get_fileinfo@p            cstackCOMRAM 000026
int$flags                 temp         00007A
int_func                  intcode_body 00511C
intlevel0                 text         000000
intlevel1                 text         000000
intlevel2                 text         000000
intlevel3                 text         000000
isa$std                   (abs)        000001
isa$xinst                 (abs)        000000
isalpha@c                 cstackCOMRAM 000006
isdigit@c                 cstackCOMRAM 000006
islower@c                 cstackCOMRAM 000006
isr_high@d                cstackCOMRAM 000003
isr_high@i                cstackCOMRAM 000004
isspace@c                 cstackCOMRAM 000006
isupper@c                 cstackCOMRAM 000006
main@count                cstackBANK1  00015A
main@dir                  cstackBANK1  00017E
main@fno                  cstackBANK1  000168
main@fs                   cstackBANK1  000193
main@num_temp             cstackBANK1  000156
main@ofs                  cstackBANK1  000158
main@p1                   cstackBANK1  000162
main@p2                   cstackBANK1  00015C
main@ptr                  cstackBANK1  000190
main@res                  cstackBANK1  000192
main@s1                   cstackBANK1  00018E
main@s2                   cstackBANK1  000166
main@s3                   cstackBANK1  000160
main@upmode               cstackBANK1  000155
mem_cmp@cnt               cstackCOMRAM 00000A
mem_cmp@d                 cstackCOMRAM 00000E
mem_cmp@dst               cstackCOMRAM 000006
mem_cmp@r                 cstackCOMRAM 000012
mem_cmp@s                 cstackCOMRAM 000010
mem_cmp@src               cstackCOMRAM 000008
mem_set@cnt               cstackCOMRAM 00000A
mem_set@d                 cstackCOMRAM 00000C
mem_set@dst               cstackCOMRAM 000006
mem_set@val               cstackCOMRAM 000008
memset@c                  cstackCOMRAM 000008
memset@dest               cstackCOMRAM 000006
memset@k                  cstackCOMRAM 00000E
memset@n                  cstackCOMRAM 00000A
memset@s                  cstackCOMRAM 000010
pad@buf                   cstackCOMRAM 000019
pad@fp                    cstackCOMRAM 000017
pad@i                     cstackCOMRAM 00001E
pad@p                     cstackCOMRAM 00001B
pad@w                     cstackCOMRAM 000020
pf_lseek@bcs              cstackBANK0  0000DF
pf_lseek@clst             cstackBANK0  0000E3
pf_lseek@fs               cstackBANK0  0000E7
pf_lseek@ifptr            cstackBANK0  0000DB
pf_lseek@ofs              cstackBANK0  0000C2
pf_lseek@sect             cstackBANK0  0000D7
pf_mount@bsect            cstackBANK1  00012C
pf_mount@buf              cstackBANK1  000100
pf_mount@fmt              cstackBANK1  000134
pf_mount@fs               cstackBANK0  0000AC
pf_mount@fsize            cstackBANK1  000130
pf_mount@mclst            cstackBANK1  000128
pf_mount@tsect            cstackBANK1  000124
pf_open@dir               cstackBANK1  000122
pf_open@dj                cstackBANK1  000145
pf_open@fs                cstackBANK1  000143
pf_open@path              cstackBANK0  0000E2
pf_open@res               cstackBANK1  000142
pf_open@sp                cstackBANK1  000116
pf_opendir@dir            cstackBANK1  000100
pf_opendir@dj             cstackBANK0  0000E2
pf_opendir@fs             cstackBANK1  00012C
pf_opendir@path           cstackBANK0  0000E4
pf_opendir@res            cstackBANK1  00012E
pf_opendir@sp             cstackBANK1  000120
pf_read@br                cstackBANK0  0000C6
pf_read@btr               cstackBANK0  0000C4
pf_read@buff              cstackBANK0  0000C2
pf_read@clst              cstackBANK0  0000DD
pf_read@cs                cstackBANK0  0000E1
pf_read@dr                cstackBANK0  0000D0
pf_read@fs                cstackBANK0  0000E4
pf_read@rbuff             cstackBANK0  0000D1
pf_read@rcnt              cstackBANK0  0000E2
pf_read@remain            cstackBANK0  0000D9
pf_read@sect              cstackBANK0  0000D5
pf_readdir@dir            cstackBANK1  000100
pf_readdir@dj             cstackBANK0  0000DE
pf_readdir@fno            cstackBANK0  0000E0
pf_readdir@fs             cstackBANK1  00012C
pf_readdir@res            cstackBANK1  00012E
pf_readdir@sp             cstackBANK1  000120
printf@ap                 cstackBANK0  000090
printf@fmt                cstackBANK0  000086
put_drc@res               cstackCOMRAM 000074
put_dump@addr             cstackBANK0  000094
put_dump@bp               cstackBANK0  0000A4
put_dump@buff             cstackBANK0  000092
put_dump@i                cstackBANK0  0000A6
put_dump@len              cstackBANK0  000098
put_dump@lp               cstackBANK0  0000A0
put_dump@sp               cstackBANK0  00009E
put_dump@width            cstackBANK0  00009A
put_rc@i                  cstackBANK0  000092
put_rc@p                  cstackBANK0  000094
put_rc@rc                 cstackBANK0  000093
put_rc@str                mediumconst  007C0D
putch@byte                cstackCOMRAM 000006
pwm_Init@period           cstackCOMRAM 000006
pwm_setDuty@dutycycle     cstackCOMRAM 000006
send_cmd2@arg             cstackCOMRAM 000007
send_cmd2@cmd             cstackCOMRAM 00000C
send_cmd2@n               cstackCOMRAM 00000D
send_cmd2@res             cstackCOMRAM 00000B
send_cmd@arg              cstackCOMRAM 00000E
send_cmd@cmd              cstackCOMRAM 000013
send_cmd@n                cstackCOMRAM 000012
send_cmd@res              cstackCOMRAM 000014
stackhi                   (abs)        0005F3
stacklo                   (abs)        000486
start                     init         00000E
start_initialization      cinit        005478
stoa@F1141                dataBANK1    0001E1
stoa@cp                   cstackCOMRAM 000020
stoa@fp                   cstackCOMRAM 000010
stoa@i                    cstackCOMRAM 00001C
stoa@l                    cstackCOMRAM 000024
stoa@nuls                 cstackCOMRAM 000015
stoa@p                    cstackCOMRAM 000022
stoa@s                    cstackCOMRAM 000012
stoa@w                    cstackCOMRAM 00001E
strlen@a                  cstackCOMRAM 000008
strlen@s                  cstackCOMRAM 000006
strncmp@_l                cstackCOMRAM 000006
strncmp@_r                cstackCOMRAM 000008
strncmp@l                 cstackCOMRAM 00000D
strncmp@n                 cstackCOMRAM 00000A
strncmp@r                 cstackCOMRAM 00000F
toupper@c                 cstackCOMRAM 00000C
ttemp5                    temp         00007B
ttemp6                    temp         00007E
ttemp7                    temp         000082
uart_gets@buff            cstackBANK0  000092
uart_gets@c               cstackBANK0  00009D
uart_gets@i               cstackBANK0  00009B
uart_gets@len             cstackBANK0  000094
utoa@d                    cstackCOMRAM 000024
utoa@fp                   cstackCOMRAM 000022
utoa@i                    cstackCOMRAM 000040
utoa@n                    cstackCOMRAM 000038
utoa@p                    cstackCOMRAM 000034
utoa@w                    cstackCOMRAM 000036
vfpfcnvrt@ap              cstackCOMRAM 00004D
vfpfcnvrt@c               cstackCOMRAM 000069
vfpfcnvrt@cp              cstackCOMRAM 00005D
vfpfcnvrt@fmt             cstackCOMRAM 00004B
vfpfcnvrt@fp              cstackCOMRAM 000049
vfpfcnvrt@ll              cstackCOMRAM 000061
vfpfcnvrt@llu             cstackCOMRAM 00006A
vfprintf@ap               cstackBANK0  000084
vfprintf@cfmt             cstackCOMRAM 000072
vfprintf@fmt              cstackBANK0  000082
vfprintf@fp               cstackBANK0  000080
wtemp8                    temp         00007B
xatoi@c                   cstackCOMRAM 00001E
xatoi@r                   cstackCOMRAM 000019
xatoi@res                 cstackCOMRAM 000014
xatoi@s                   cstackCOMRAM 000018
xatoi@str                 cstackCOMRAM 000012
xatoi@val                 cstackCOMRAM 00001A
xmit_spi@d                cstackCOMRAM 000006
xtoa@c                    cstackCOMRAM 000047
xtoa@d                    cstackCOMRAM 000024
xtoa@fp                   cstackCOMRAM 000022
xtoa@i                    cstackCOMRAM 000045
xtoa@n                    cstackCOMRAM 00003D
xtoa@p                    cstackCOMRAM 000039
xtoa@w                    cstackCOMRAM 00003B
xtoa@x                    cstackCOMRAM 00002C


MODULE INFORMATION

Module		Function		Class		Link	Load	Size
C:\Program Files\Microchip\xc8\v2.32\pic\sources\c99\common\memset.c
		_memset        		CODE           	3DEC	0000	374

C:\Program Files\Microchip\xc8\v2.32\pic\sources\c99\common\memset.c estimated size: 374

C:\Program Files\Microchip\xc8\v2.32\pic\sources\c99\common\isdigit.c
		_isdigit       		CODE           	587C	0000	56

C:\Program Files\Microchip\xc8\v2.32\pic\sources\c99\common\isdigit.c estimated size: 56

pff.c
		_get_clust     		CODE           	51C0	0000	162
		_get_fat       		CODE           	32C6	0000	450
		_create_name   		CODE           	3488	0000	408
		_check_fs      		CODE           	479A	0000	284
		_get_fileinfo  		CODE           	2A26	0000	642
		_dir_read      		CODE           	40D8	0000	366
		_mem_set       		CODE           	57D4	0000	56
		_clust2sect    		CODE           	4E24	0000	206
		_dir_next      		CODE           	2CA8	0000	530
		_dir_rewind    		CODE           	48B6	0000	268
		_pf_open       		CODE           	3F62	0000	374
		_pf_opendir    		CODE           	4B96	0000	224
		_dir_find      		CODE           	4514	0000	340
		_mem_cmp       		CODE           	53FE	0000	122
		_pf_lseek      		CODE           	167E	0000	1168
		_pf_read       		CODE           	1B0E	0000	1026
		_follow_path   		CODE           	4246	0000	362
		_pf_readdir    		CODE           	4AB2	0000	228
		_pf_mount      		CODE           	0FA6	0000	1752

pff.c estimated size: 8968

C:\Program Files\Microchip\xc8\v2.32\pic\sources\c99\common\doprnt.c
		_vfpfcnvrt     		CODE           	07E0	0000	1990
		_pad           		CODE           	4FB6	0000	194
		_dtoa          		CODE           	1F10	0000	734
		_vfprintf      		CODE           	5556	0000	98
		_stoa          		CODE           	3620	0000	408
		_utoa          		CODE           	30C6	0000	512
		_xtoa          		CODE           	21EE	0000	724

C:\Program Files\Microchip\xc8\v2.32\pic\sources\c99\common\doprnt.c estimated size: 4660

uart.c
		_xatoi         		CODE           	277C	0000	682
		_putch         		CODE           	5988	0000	22
		_put_dump      		CODE           	2EBA	0000	524
		_uart_init     		CODE           	55B8	0000	94
		_uart_gets     		CODE           	4668	0000	306
		_isr_high      		CODE           	0008	0000	170

uart.c estimated size: 1798

C:\Program Files\Microchip\xc8\v2.32\pic\sources\c99\common\lomod.c
		___lomod       		CODE           	4D54	0000	208

C:\Program Files\Microchip\xc8\v2.32\pic\sources\c99\common\lomod.c estimated size: 208

C:\Program Files\Microchip\xc8\v2.32\pic\sources\c99\common\atoi.c
		_atoi          		CODE           	394A	0000	400

C:\Program Files\Microchip\xc8\v2.32\pic\sources\c99\common\atoi.c estimated size: 400

C:\Program Files\Microchip\xc8\v2.32\pic\sources\c99\common\nf_fputs.c
		_fputs         		CODE           	5714	0000	68

C:\Program Files\Microchip\xc8\v2.32\pic\sources\c99\common\nf_fputs.c estimated size: 68

C:\Program Files\Microchip\xc8\v2.32\pic\sources\c99\common\isupper.c
		_isupper       		CODE           	5844	0000	56

C:\Program Files\Microchip\xc8\v2.32\pic\sources\c99\common\isupper.c estimated size: 56

C:\Program Files\Microchip\xc8\v2.32\pic\sources\c99\common\Umul16.c
		___wmul        		CODE           	5902	0000	38

C:\Program Files\Microchip\xc8\v2.32\pic\sources\c99\common\Umul16.c estimated size: 38

C:\Program Files\Microchip\xc8\v2.32\pic\sources\c99\common\abs.c
		_abs           		CODE           	5758	0000	64

C:\Program Files\Microchip\xc8\v2.32\pic\sources\c99\common\abs.c estimated size: 64

C:\Program Files\Microchip\xc8\v2.32\pic\sources\c99\common\aomod.c
		___aomod       		CODE           	43B0	0000	356

C:\Program Files\Microchip\xc8\v2.32\pic\sources\c99\common\aomod.c estimated size: 356

C:\Program Files\Microchip\xc8\v2.32\pic\sources\c99\common\isspace.c
		_isspace       		CODE           	5674	0000	82

C:\Program Files\Microchip\xc8\v2.32\pic\sources\c99\common\isspace.c estimated size: 82

C:\Program Files\Microchip\xc8\v2.32\pic\sources\c99\common\islower.c
		_islower       		CODE           	580C	0000	56

C:\Program Files\Microchip\xc8\v2.32\pic\sources\c99\common\islower.c estimated size: 56

C:\Program Files\Microchip\xc8\v2.32\pic\sources\c99\common\lodiv.c
		___lodiv       		CODE           	49C2	0000	240

C:\Program Files\Microchip\xc8\v2.32\pic\sources\c99\common\lodiv.c estimated size: 240

C:\Program Files\Microchip\xc8\v2.32\pic\sources\c99\common\strncmp.c
		_strncmp       		CODE           	4C76	0000	222

C:\Program Files\Microchip\xc8\v2.32\pic\sources\c99\common\strncmp.c estimated size: 222

shared
		__initialization		CODE           	5478	0000	102
		create_name@cvt		MEDIUMCONST    	7B8D	0000	128
		put_rc@str     		MEDIUMCONST    	7C0D	0000	69

shared estimated size: 299

C:\Program Files\Microchip\xc8\v2.32\pic\sources\c99\common\toupper.c
		_toupper       		CODE           	5616	0000	94

C:\Program Files\Microchip\xc8\v2.32\pic\sources\c99\common\toupper.c estimated size: 94

C:\Program Files\Microchip\xc8\v2.32\pic\sources\c99\common\isalpha.c
		_isalpha       		CODE           	5798	0000	60

C:\Program Files\Microchip\xc8\v2.32\pic\sources\c99\common\isalpha.c estimated size: 60

C:\Program Files\Microchip\xc8\v2.32\pic\sources\c99\common\Umul32.c
		___lmul        		CODE           	54EC	0000	106

C:\Program Files\Microchip\xc8\v2.32\pic\sources\c99\common\Umul32.c estimated size: 106

pic_mmcp.c
		_init_spi      		CODE           	59AE	0000	10
		_xmit_spi      		CODE           	5928	0000	26
		_send_cmd      		CODE           	4EF2	0000	196
		_send_cmd2     		CODE           	52F8	0000	132
		_rcv_spi       		CODE           	5972	0000	22
		_disk_initialize		CODE           	24C2	0000	698
		_disk_writep   		CODE           	3ADA	0000	394
		_disk_readp    		CODE           	37B8	0000	402
		_dly_100us     		CODE           	59B8	0000	10

pic_mmcp.c estimated size: 1890

C:\Program Files\Microchip\xc8\v2.32\pic\sources\c99\common\printf.c
		_printf        		CODE           	58B4	0000	40

C:\Program Files\Microchip\xc8\v2.32\pic\sources\c99\common\printf.c estimated size: 40

C:\Program Files\Microchip\xc8\v2.32\pic\sources\c99\common\nf_fputc.c
		_fputc         		CODE           	5262	0000	150

C:\Program Files\Microchip\xc8\v2.32\pic\sources\c99\common\nf_fputc.c estimated size: 150

C:\Program Files\Microchip\xc8\v2.32\pic\sources\c99\common\aodiv.c
		___aodiv       		CODE           	3C64	0000	392

C:\Program Files\Microchip\xc8\v2.32\pic\sources\c99\common\aodiv.c estimated size: 392

C:\Program Files\Microchip\xc8\v2.32\pic\sources\c99\common\__lldiv.c
		___lldiv       		CODE           	5078	0000	164

C:\Program Files\Microchip\xc8\v2.32\pic\sources\c99\common\__lldiv.c estimated size: 164

main.c
		_main          		CODE           	0012	0000	1998
		_put_drc       		CODE           	595A	0000	24
		_put_rc        		CODE           	537C	0000	130
		_gpio_init     		CODE           	599E	0000	16

main.c estimated size: 2168

./pwm.h
		_pwm_setDuty   		CODE           	58DC	0000	38
		_pwm_start     		CODE           	59CE	0000	4
		_pwm_Init      		CODE           	5942	0000	24
		_pwm_stop      		CODE           	59CA	0000	4

./pwm.h estimated size: 70

C:\Program Files\Microchip\xc8\v2.32\pic\sources\c99\common\strlen.c
		_strlen        		CODE           	56C6	0000	78

C:\Program Files\Microchip\xc8\v2.32\pic\sources\c99\common\strlen.c estimated size: 78

