Microchip MPLAB XC8 Compiler V2.32

Linker command line:

-W-3 --edf=C:\Program Files\Microchip\xc8\v2.32\pic\dat\en_msgs.txt -cn \
  -h+dist/default/debug\rtc_proj.X.debug.sym \
  --cmf=dist/default/debug\rtc_proj.X.debug.cmf -z -Q18F4520 \
  -oC:\Users\a9124\AppData\Local\Temp\xcAsml4.4 --defsym=__MPLAB_BUILD=1 \
  -Mdist/default/debug/rtc_proj.X.debug.map -E1 -ver=XC8 Compiler \
  --acfsm=1493 -ASTACK=014Fh-05F3h -pstack=STACK -ACODE=00h-07DBFh \
  -ACONST=00h-07DBFh -ASMALLCONST=0600h-06FFhx119,07D00h-07DBFh \
  -AMEDIUMCONST=0600h-07DBFh -ACOMRAM=01h-07Fh -AABS1=00h-05F3h \
  -ABIGRAM=01h-05F3h -ARAM=080h-0FFh,0100h-01FFhx4,0500h-05F3h \
  -ABANK0=080h-0FFh -ABANK1=0100h-01FFh -ABANK2=0200h-02FFh \
  -ABANK3=0300h-03FFh -ABANK4=0400h-04FFh -ABANK5=0500h-05F3h \
  -ASFR=0F80h-0F9Bh,0F9Dh-0FD3h,0FD5h-0FDAh,0FE0h-0FE2h,0FE8h-0FEAh,0FF0h-0FFCh \
  -ACONFIG=0300000h-030000Dh -AIDLOC=0200000h-0200007h \
  -AEEDATA=0F00000h-0F000FFh -peeprom_data=EEDATA \
  -preset_vec=00h,intcode=08h,intcodelo,powerup,init -pramtop=0600h \
  -psmallconst=SMALLCONST -pmediumconst=MEDIUMCONST -pconst=CONST \
  -AFARRAM=00h-00h \
  -prdata=COMRAM,nvrram=COMRAM,nvbit=COMRAM,rbss=COMRAM,rbit=COMRAM \
  -pfarbss=FARRAM,fardata=FARRAM,nvFARRAM=FARRAM \
  -pintsave_regs=BIGRAM,bigbss=BIGRAM,bigdata=BIGRAM -pbss=RAM \
  -pidata=CODE,irdata=CODE,ibigdata=CODE,ifardata=CODE -prparam=COMRAM \
  C:\Users\a9124\AppData\Local\Temp\xcAsml4.o \
  dist/default/debug\rtc_proj.X.debug.o 

Object code version is 3.11

Machine type is 18F4520



                Name                               Link     Load   Length Selector   Space Scale
C:\Users\a9124\AppData\Local\Temp\xcAsml4.o
                idloc                            200000   200000        8        0       5
                config                           300000   300000        E        0       4
                init                                  E        E        4        4       0
                reset_vec                             0        0        4        0       0
dist/default/debug\rtc_proj.X.debug.o
                intcode                               8        8        6        4       0
                idloc                            200000   200000        8        0       5
                config                           300000   300000        E        0       4
                temp                                 7F       7F        1        1       1
                smallconst                          600      600       4A      300       0
                text78                             34B0     34B0       18      325       0
                text77                             352A     352A        C      325       0
                text76                             2794     2794       C4      325       0
                text75                             2910     2910       B0      325       0
                text74                             2B66     2B66       74      325       0
                text73                             2CB4     2CB4       64      325       0
                text72                             33E4     33E4       26      325       0
                text71                             3576     3576        8      325       0
                text70                             356E     356E        8      325       0
                text69                             351E     351E        C      325       0
                text68                             342E     342E       1E      325       0
                text67                             2264     2264      136      325       0
                text66                             3512     3512        C      325       0
                text65                             3566     3566        8      325       0
                text64                             3498     3498       18      325       0
                text63                             30E6     30E6       42      325       0
                text62                             33BE     33BE       26      325       0
                text61                             31DC     31DC       38      325       0
                text60                             2EE2     2EE2       52      325       0
                text59                             184C     184C      190      325       0
                text58                             1B66     1B66      188      325       0
                text57                             1FC8     1FC8      164      325       0
                text56                             3128     3128       40      325       0
                text55                             34C8     34C8       16      325       0
                text54                             2604     2604       CA      325       0
                text53                             3060     3060       44      325       0
                text52                             3214     3214       36      325       0
                text51                             26CE     26CE       C6      325       0
                text50                             13D4     13D4      2E4      325       0
                text49                              A0A      A0A      376      325       0
                text48                             2D18     2D18       62      325       0
                text47                             2F84     2F84       4E      325       0
                text46                             2AF2     2AF2       74      325       0
                text45                             2858     2858       B8      325       0
                text44                             3316     3316       30      325       0
                text43                             3506     3506        C      325       0
                text42                             2BDA     2BDA       70      325       0
                text41                              64A      64A      3C0      325       0
                intcode_body                       2DDA     2DDA       60      325       0
                text39                             3396     3396       28      325       0
                text38                             32B2     32B2       34      325       0
                text37                             355E     355E        8      325       0
                text36                             3556     3556        8      325       0
                text35                             354E     354E        8      325       0
                text34                             34EC     34EC        E      325       0
                text33                             327E     327E       34      325       0
                text32                             212C     212C      138      325       0
                text31                             239A     239A       D4      325       0
                text30                             29C0     29C0       A6      325       0
                text29                             2D7A     2D7A       60      325       0
                text28                             336E     336E       28      325       0
                text27                             340A     340A       24      325       0
                text26                             32E6     32E6       30      325       0
                text25                             3466     3466       1A      325       0
                text24                             324A     324A       34      325       0
                text23                             34DE     34DE        E      325       0
                text22                             3546     3546        8      325       0
                text21                             34FA     34FA        C      325       0
                text20                             353E     353E        8      325       0
                text19                             2F34     2F34       50      325       0
                text18                             344C     344C       1A      325       0
                text17                             301A     301A       46      325       0
                text16                             3346     3346       28      325       0
                text15                             31A2     31A2       3A      325       0
                text14                             2E8E     2E8E       54      325       0
                text13                             16B8     16B8      194      325       0
                text12                             19DC     19DC      18A      325       0
                text11                             1E62     1E62      166      325       0
                text10                             30A4     30A4       42      325       0
                text9                              3480     3480       18      325       0
                text8                              246E     246E       CC      325       0
                text7                              2FD2     2FD2       48      325       0
                text6                              3168     3168       3A      325       0
                text5                              253A     253A       CA      325       0
                text4                              10F0     10F0      2E4      325       0
                text3                               D80      D80      370      325       0
                text2                              2C4A     2C4A       6A      325       0
                text1                              2E3A     2E3A       54      325       0
                text0                              1CEE     1CEE      174      325       0
                cstackCOMRAM                          1        1       76        1       1
                cstackBANK0                          80       80       6A       80       1
                cstackBANK1                         135      135       12      100       1
                dataBANK1                           147      147        8      100       1
                bssBANK1                            100      100       35      100       1
                dataBANK0                            F0       F0        6       80       1
                bssBANK0                             EA       EA        6       80       1
                dataCOMRAM                           77       77        6        1       1
                bssCOMRAM                            7D       7D        2        1       1
                cinit                              2A66     2A66       8C      325       0
                idataBANK1                         3536     3536        8      325       0
                idataBANK0                         3584     3584        6      325       0
                idataCOMRAM                        357E     357E        6      325       0

TOTAL           Name                               Link     Load   Length     Space
        CLASS   STACK          

        CLASS   CODE           
                intcode                               8        8        6         0
                init                                  E        E        4         0
                reset_vec                             0        0        4         0
                text78                             34B0     34B0       18         0
                text77                             352A     352A        C         0
                text76                             2794     2794       C4         0
                text75                             2910     2910       B0         0
                text74                             2B66     2B66       74         0
                text73                             2CB4     2CB4       64         0
                text72                             33E4     33E4       26         0
                text71                             3576     3576        8         0
                text70                             356E     356E        8         0
                text69                             351E     351E        C         0
                text68                             342E     342E       1E         0
                text67                             2264     2264      136         0
                text66                             3512     3512        C         0
                text65                             3566     3566        8         0
                text64                             3498     3498       18         0
                text63                             30E6     30E6       42         0
                text62                             33BE     33BE       26         0
                text61                             31DC     31DC       38         0
                text60                             2EE2     2EE2       52         0
                text59                             184C     184C      190         0
                text58                             1B66     1B66      188         0
                text57                             1FC8     1FC8      164         0
                text56                             3128     3128       40         0
                text55                             34C8     34C8       16         0
                text54                             2604     2604       CA         0
                text53                             3060     3060       44         0
                text52                             3214     3214       36         0
                text51                             26CE     26CE       C6         0
                text50                             13D4     13D4      2E4         0
                text49                              A0A      A0A      376         0
                text48                             2D18     2D18       62         0
                text47                             2F84     2F84       4E         0
                text46                             2AF2     2AF2       74         0
                text45                             2858     2858       B8         0
                text44                             3316     3316       30         0
                text43                             3506     3506        C         0
                text42                             2BDA     2BDA       70         0
                text41                              64A      64A      3C0         0
                intcode_body                       2DDA     2DDA       60         0
                text39                             3396     3396       28         0
                text38                             32B2     32B2       34         0
                text37                             355E     355E        8         0
                text36                             3556     3556        8         0
                text35                             354E     354E        8         0
                text34                             34EC     34EC        E         0
                text33                             327E     327E       34         0
                text32                             212C     212C      138         0
                text31                             239A     239A       D4         0
                text30                             29C0     29C0       A6         0
                text29                             2D7A     2D7A       60         0
                text28                             336E     336E       28         0
                text27                             340A     340A       24         0
                text26                             32E6     32E6       30         0
                text25                             3466     3466       1A         0
                text24                             324A     324A       34         0
                text23                             34DE     34DE        E         0
                text22                             3546     3546        8         0
                text21                             34FA     34FA        C         0
                text20                             353E     353E        8         0
                text19                             2F34     2F34       50         0
                text18                             344C     344C       1A         0
                text17                             301A     301A       46         0
                text16                             3346     3346       28         0
                text15                             31A2     31A2       3A         0
                text14                             2E8E     2E8E       54         0
                text13                             16B8     16B8      194         0
                text12                             19DC     19DC      18A         0
                text11                             1E62     1E62      166         0
                text10                             30A4     30A4       42         0
                text9                              3480     3480       18         0
                text8                              246E     246E       CC         0
                text7                              2FD2     2FD2       48         0
                text6                              3168     3168       3A         0
                text5                              253A     253A       CA         0
                text4                              10F0     10F0      2E4         0
                text3                               D80      D80      370         0
                text2                              2C4A     2C4A       6A         0
                text1                              2E3A     2E3A       54         0
                text0                              1CEE     1CEE      174         0
                cinit                              2A66     2A66       8C         0
                idataBANK1                         3536     3536        8         0
                idataBANK0                         3584     3584        6         0
                idataCOMRAM                        357E     357E        6         0

        CLASS   CONST          

        CLASS   SMALLCONST     
                smallconst                          600      600       4A         0

        CLASS   MEDIUMCONST    

        CLASS   COMRAM         
                temp                                 7F       7F        1         1
                cstackCOMRAM                          1        1       76         1
                dataCOMRAM                           77       77        6         1
                bssCOMRAM                            7D       7D        2         1

        CLASS   ABS1           

        CLASS   BIGRAM         

        CLASS   RAM            

        CLASS   BANK0          
                cstackBANK0                          80       80       6A         1
                dataBANK0                            F0       F0        6         1
                bssBANK0                             EA       EA        6         1

        CLASS   BANK1          
                cstackBANK1                         135      135       12         1
                dataBANK1                           147      147        8         1
                bssBANK1                            100      100       35         1

        CLASS   BANK2          

        CLASS   BANK3          

        CLASS   BANK4          

        CLASS   BANK5          

        CLASS   SFR            

        CLASS   CONFIG         
                config                           300000   300000        E         4

        CLASS   IDLOC          
                idloc                            200000   200000        8         5

        CLASS   EEDATA         

        CLASS   FARRAM         



SEGMENTS        Name                           Load    Length   Top    Selector   Space  Class

                reset_vec                      000000  000004  000004         0       0  CODE    
                cstackCOMRAM                   000001  00007F  000080         1       1  COMRAM  
                intcode                        000008  00000A  000012         4       0  CODE    
                cstackBANK0                    000080  000076  0000F6        80       1  BANK0   
                bssBANK1                       000100  00004F  00014F       100       1  BANK1   
                smallconst                     000600  00004A  00064A       300       0  SMALLCON
                text41                         00064A  002F40  00358A       325       0  CODE    


UNUSED ADDRESS RANGES

        Name                Unused          Largest block    Delta
        BANK0            0000F6-0000FF                A
        BANK1            00014F-0001FF               B1
        BANK2            000200-0002FF              100
        BANK3            000300-0003FF              100
        BANK4            000400-0004FF              100
        BANK5            000500-0005F3               F4
        BIGRAM           0000F6-0000FF                A
                         00014F-0005F3              4A5
        CODE             000004-000007                4
                         000012-0005FF              5EE
                         00358A-007DBF             4836
        CONST            000004-000007                4
                         000012-0005FF              5EE
                         00358A-007DBF             4836
        EEDATA           F00000-F000FF              100
        MEDIUMCONST      00358A-007DBF             4836
        RAM              0000F6-0000FF                A
                         00014F-0005F3              100
        SFR              000F80-000F9B               1C
                         000F9D-000FD3               37
                         000FD5-000FDA                6
                         000FE0-000FE2                3
                         000FE8-000FEA                3
                         000FF0-000FFC                D
        SMALLCONST       00358A-007DBF              100
        STACK            00014F-0005F3              4A5

                                  Symbol Table

?___aodiv                          cstackBANK0  00008A
?___aomod                          cstackBANK0  00008A
?___awdiv                          cstackCOMRAM 000001
?___awmod                          cstackCOMRAM 000001
?___lldiv                          cstackBANK0  00008A
?___lwdiv                          cstackCOMRAM 000006
?___lwmod                          cstackCOMRAM 000001
?___wmul                           cstackBANK0  00008A
?_abs                              cstackBANK0  00009C
?_atoi                             cstackBANK0  000091
?_dtoa                             cstackBANK0  0000A6
?_isdigit                          cstackBANK0  00008A
?_isspace                          cstackBANK0  00008A
?_pad                              cstackBANK0  00009B
?_sprintf                          cstackBANK1  000135
?_strlen                           cstackBANK0  00008A
?_vfpfcnvrt                        cstackBANK0  0000CA
?_vfprintf                         cstackBANK0  0000E0
?i2___aodiv                        cstackCOMRAM 000001
?i2___aomod                        cstackCOMRAM 000001
?i2___wmul                         cstackCOMRAM 000001
?i2_abs                            cstackCOMRAM 000013
?i2_atoi                           cstackCOMRAM 000008
?i2_dtoa                           cstackCOMRAM 00001D
?i2_isdigit                        cstackCOMRAM 000001
?i2_isspace                        cstackCOMRAM 000001
?i2_pad                            cstackCOMRAM 000012
?i2_sprintf                        cstackCOMRAM 00005F
?i2_strlen                         cstackCOMRAM 000001
?i2_vfpfcnvrt                      cstackCOMRAM 000041
?i2_vfprintf                       cstackCOMRAM 000057
I2C_Master_Init@clock              cstackBANK0  00009B
I2C_Master_Init@freq               cstackBANK0  000097
I2C_Master_Read@a                  cstackBANK0  00008B
I2C_Master_Read@temp               cstackBANK0  00008C
I2C_Master_Write@d                 cstackBANK0  00008B
PCF8563_getDate@buf                cstackBANK0  00009C
PCF8563_getDate@century            cstackBANK0  00009B
PCF8563_getDate@day                cstackBANK0  000093
PCF8563_getDate@mon                cstackBANK0  000091
PCF8563_getDate@year               cstackBANK0  00008F
PCF8563_getTime@hour               cstackBANK0  00008F
PCF8563_getTime@min                cstackBANK0  000091
PCF8563_getTime@sec                cstackBANK0  000093
PCF8563_setDate@day                cstackCOMRAM 000010
PCF8563_setDate@mon                cstackCOMRAM 00000F
PCF8563_setDate@year               cstackCOMRAM 00000D
PCF8563_setTime@hour               cstackCOMRAM 00000F
PCF8563_setTime@min                cstackCOMRAM 00000B
PCF8563_setTime@sec                cstackCOMRAM 00000C
_ACKDT                             (abs)        007E2D
_ACKEN                             (abs)        007E2C
_ADCON1                            (abs)        000FC1
_Hi_ISR                            intcode      000008
_I2C_Master_Init                   text29       002D7A
_I2C_Master_Read                   text38       0032B2
_I2C_Master_RepeatedStart          text37       00355E
_I2C_Master_Start                  text36       003556
_I2C_Master_Stop                   text35       00354E
_I2C_Master_Wait                   text39       003396
_I2C_Master_Write                  text34       0034EC
_INTCONbits                        (abs)        000FF2
_LATA                              (abs)        000F89
_LATB                              (abs)        000F8A
_LATD                              (abs)        000F8C
_OSCCONbits                        (abs)        000FD3
_PCF8563_getDate                   text32       00212C
_PCF8563_getDate$96                cstackBANK0  000099
_PCF8563_getTime                   text31       00239A
_PCF8563_setDate                   text67       002264
_PCF8563_setDate$1290              cstackCOMRAM 000013
_PCF8563_setDate$87                cstackCOMRAM 000015
_PCF8563_setTime                   text45       002858
_PEN                               (abs)        007E2A
_PORTA                             (abs)        000F80
_PORTBbits                         (abs)        000F81
_RCEN                              (abs)        007E2B
_RCSTA                             (abs)        000FAB
_RSEN                              (abs)        007E29
_SEN                               (abs)        007E28
_SPBRG                             (abs)        000FAF
_SSPADD                            (abs)        000FC8
_SSPBUF                            (abs)        000FC9
_SSPCON1                           (abs)        000FC6
_SSPCON2                           (abs)        000FC5
_SSPSTAT                           (abs)        000FC7
_TRISA                             (abs)        000F92
_TRISB                             (abs)        000F93
_TRISC3                            (abs)        007CA3
_TRISC4                            (abs)        007CA4
_TRISD                             (abs)        000F95
_TXIF                              (abs)        007CF4
_TXREG                             (abs)        000FAD
_TXSTA                             (abs)        000FAC
__HRAM                             (abs)        000000
__Habs1                            abs1         000000
__Hbank0                           bank0        000000
__Hbank1                           bank1        000000
__Hbank2                           bank2        000000
__Hbank3                           bank3        000000
__Hbank4                           bank4        000000
__Hbank5                           bank5        000000
__Hbigbss                          bigbss       000000
__Hbigdata                         bigdata      000000
__Hbigram                          bigram       000000
__Hbss                             bss          000000
__HbssBANK0                        bssBANK0     000000
__HbssBANK1                        bssBANK1     000000
__HbssCOMRAM                       bssCOMRAM    000000
__Hcinit                           cinit        000000
__Hclrtext                         clrtext      000000
__Hcomram                          comram       000000
__Hconfig                          config       30000E
__Hconst                           const        000000
__HcstackBANK0                     cstackBANK0  000000
__HcstackBANK1                     cstackBANK1  000000
__HcstackCOMRAM                    cstackCOMRAM 000000
__Hdata                            data         000000
__HdataBANK0                       dataBANK0    000000
__HdataBANK1                       dataBANK1    000000
__HdataCOMRAM                      dataCOMRAM   000000
__Heeprom_data                     eeprom_data  000000
__Hfarbss                          farbss       000000
__Hfardata                         fardata      000000
__Hibigdata                        ibigdata     000000
__Hidata                           idata        000000
__HidataBANK0                      idataBANK0   000000
__HidataBANK1                      idataBANK1   000000
__HidataCOMRAM                     idataCOMRAM  000000
__Hidloc                           idloc        200008
__Hifardata                        ifardata     000000
__Hinit                            init         000012
__Hintcode                         intcode      00000E
__Hintcode_body                    intcode_body 000000
__Hintcodelo                       intcodelo    00000E
__Hintentry                        intentry     000000
__Hintret                          intret       000000
__Hintsave_regs                    intsave_regs 000000
__Hirdata                          irdata       000000
__Hmediumconst                     mediumconst  000000
__HnvFARRAM                        nvFARRAM     000000
__Hnvbit                           nvbit        000000
__Hnvrram                          nvrram       000000
__Hparam                           rparam       000000
__Hpowerup                         powerup      00000E
__Hram                             ram          000000
__Hramtop                          ramtop       000600
__Hrbit                            rbit         000000
__Hrbss                            rbss         000000
__Hrdata                           rdata        000000
__Hreset_vec                       reset_vec    000004
__Hrparam                          rparam       000000
__Hsfr                             sfr          000000
__Hsmallconst                      smallconst   00064A
__Hspace_0                         (abs)        00358A
__Hspace_1                         (abs)        00014F
__Hspace_2                         (abs)        000000
__Hspace_4                         (abs)        60000E
__Hstack                           stack        000000
__Hstruct                          struct       000000
__Htemp                            temp         000080
__Htext                            text         000000
__Htext0                           text0        000000
__Htext1                           text1        000000
__Htext10                          text10       000000
__Htext11                          text11       000000
__Htext12                          text12       000000
__Htext13                          text13       000000
__Htext14                          text14       000000
__Htext15                          text15       000000
__Htext16                          text16       000000
__Htext17                          text17       000000
__Htext18                          text18       000000
__Htext19                          text19       000000
__Htext2                           text2        000000
__Htext20                          text20       000000
__Htext21                          text21       000000
__Htext22                          text22       000000
__Htext23                          text23       000000
__Htext24                          text24       000000
__Htext25                          text25       000000
__Htext26                          text26       000000
__Htext27                          text27       000000
__Htext28                          text28       000000
__Htext29                          text29       000000
__Htext3                           text3        000000
__Htext30                          text30       000000
__Htext31                          text31       000000
__Htext32                          text32       000000
__Htext33                          text33       000000
__Htext34                          text34       000000
__Htext35                          text35       000000
__Htext36                          text36       000000
__Htext37                          text37       000000
__Htext38                          text38       000000
__Htext39                          text39       000000
__Htext4                           text4        000000
__Htext41                          text41       000000
__Htext42                          text42       000000
__Htext43                          text43       000000
__Htext44                          text44       000000
__Htext45                          text45       000000
__Htext46                          text46       000000
__Htext47                          text47       000000
__Htext48                          text48       000000
__Htext49                          text49       000000
__Htext5                           text5        000000
__Htext50                          text50       000000
__Htext51                          text51       000000
__Htext52                          text52       000000
__Htext53                          text53       000000
__Htext54                          text54       000000
__Htext55                          text55       000000
__Htext56                          text56       000000
__Htext57                          text57       000000
__Htext58                          text58       000000
__Htext59                          text59       000000
__Htext6                           text6        000000
__Htext60                          text60       000000
__Htext61                          text61       000000
__Htext62                          text62       000000
__Htext63                          text63       000000
__Htext64                          text64       000000
__Htext65                          text65       000000
__Htext66                          text66       000000
__Htext67                          text67       000000
__Htext68                          text68       000000
__Htext69                          text69       000000
__Htext7                           text7        000000
__Htext70                          text70       000000
__Htext71                          text71       000000
__Htext72                          text72       000000
__Htext73                          text73       000000
__Htext74                          text74       000000
__Htext75                          text75       000000
__Htext76                          text76       000000
__Htext77                          text77       000000
__Htext78                          text78       000000
__Htext8                           text8        000000
__Htext9                           text9        000000
__LRAM                             (abs)        000001
__Labs1                            abs1         000000
__Lbank0                           bank0        000000
__Lbank1                           bank1        000000
__Lbank2                           bank2        000000
__Lbank3                           bank3        000000
__Lbank4                           bank4        000000
__Lbank5                           bank5        000000
__Lbigbss                          bigbss       000000
__Lbigdata                         bigdata      000000
__Lbigram                          bigram       000000
__Lbss                             bss          000000
__LbssBANK0                        bssBANK0     000000
__LbssBANK1                        bssBANK1     000000
__LbssCOMRAM                       bssCOMRAM    000000
__Lcinit                           cinit        000000
__Lclrtext                         clrtext      000000
__Lcomram                          comram       000000
__Lconfig                          config       000000
__Lconst                           const        000000
__LcstackBANK0                     cstackBANK0  000000
__LcstackBANK1                     cstackBANK1  000000
__LcstackCOMRAM                    cstackCOMRAM 000000
__Ldata                            data         000000
__LdataBANK0                       dataBANK0    000000
__LdataBANK1                       dataBANK1    000000
__LdataCOMRAM                      dataCOMRAM   000000
__Leeprom_data                     eeprom_data  000000
__Lfarbss                          farbss       000000
__Lfardata                         fardata      000000
__Libigdata                        ibigdata     000000
__Lidata                           idata        000000
__LidataBANK0                      idataBANK0   000000
__LidataBANK1                      idataBANK1   000000
__LidataCOMRAM                     idataCOMRAM  000000
__Lidloc                           idloc        000000
__Lifardata                        ifardata     000000
__Linit                            init         00000E
__Lintcode                         intcode      000008
__Lintcode_body                    intcode_body 000000
__Lintcodelo                       intcodelo    00000E
__Lintentry                        intentry     000000
__Lintret                          intret       000000
__Lintsave_regs                    intsave_regs 000000
__Lirdata                          irdata       000000
__Lmediumconst                     mediumconst  000000
__LnvFARRAM                        nvFARRAM     000000
__Lnvbit                           nvbit        000000
__Lnvrram                          nvrram       000000
__Lparam                           rparam       000000
__Lpowerup                         powerup      00000E
__Lram                             ram          000000
__Lramtop                          ramtop       000600
__Lrbit                            rbit         000000
__Lrbss                            rbss         000000
__Lrdata                           rdata        000000
__Lreset_vec                       reset_vec    000000
__Lrparam                          rparam       000000
__Lsfr                             sfr          000000
__Lsmallconst                      smallconst   000600
__Lspace_0                         (abs)        000000
__Lspace_1                         (abs)        000000
__Lspace_2                         (abs)        000000
__Lspace_4                         (abs)        000000
__Lstack                           stack        000000
__Lstruct                          struct       000000
__Ltemp                            temp         00007F
__Ltext                            text         000000
__Ltext0                           text0        000000
__Ltext1                           text1        000000
__Ltext10                          text10       000000
__Ltext11                          text11       000000
__Ltext12                          text12       000000
__Ltext13                          text13       000000
__Ltext14                          text14       000000
__Ltext15                          text15       000000
__Ltext16                          text16       000000
__Ltext17                          text17       000000
__Ltext18                          text18       000000
__Ltext19                          text19       000000
__Ltext2                           text2        000000
__Ltext20                          text20       000000
__Ltext21                          text21       000000
__Ltext22                          text22       000000
__Ltext23                          text23       000000
__Ltext24                          text24       000000
__Ltext25                          text25       000000
__Ltext26                          text26       000000
__Ltext27                          text27       000000
__Ltext28                          text28       000000
__Ltext29                          text29       000000
__Ltext3                           text3        000000
__Ltext30                          text30       000000
__Ltext31                          text31       000000
__Ltext32                          text32       000000
__Ltext33                          text33       000000
__Ltext34                          text34       000000
__Ltext35                          text35       000000
__Ltext36                          text36       000000
__Ltext37                          text37       000000
__Ltext38                          text38       000000
__Ltext39                          text39       000000
__Ltext4                           text4        000000
__Ltext41                          text41       000000
__Ltext42                          text42       000000
__Ltext43                          text43       000000
__Ltext44                          text44       000000
__Ltext45                          text45       000000
__Ltext46                          text46       000000
__Ltext47                          text47       000000
__Ltext48                          text48       000000
__Ltext49                          text49       000000
__Ltext5                           text5        000000
__Ltext50                          text50       000000
__Ltext51                          text51       000000
__Ltext52                          text52       000000
__Ltext53                          text53       000000
__Ltext54                          text54       000000
__Ltext55                          text55       000000
__Ltext56                          text56       000000
__Ltext57                          text57       000000
__Ltext58                          text58       000000
__Ltext59                          text59       000000
__Ltext6                           text6        000000
__Ltext60                          text60       000000
__Ltext61                          text61       000000
__Ltext62                          text62       000000
__Ltext63                          text63       000000
__Ltext64                          text64       000000
__Ltext65                          text65       000000
__Ltext66                          text66       000000
__Ltext67                          text67       000000
__Ltext68                          text68       000000
__Ltext69                          text69       000000
__Ltext7                           text7        000000
__Ltext70                          text70       000000
__Ltext71                          text71       000000
__Ltext72                          text72       000000
__Ltext73                          text73       000000
__Ltext74                          text74       000000
__Ltext75                          text75       000000
__Ltext76                          text76       000000
__Ltext77                          text77       000000
__Ltext78                          text78       000000
__Ltext8                           text8        000000
__Ltext9                           text9        000000
__S0                               (abs)        00358A
__S1                               (abs)        00014F
__S2                               (abs)        000000
__S4                               (abs)        000000
__S5                               (abs)        000000
___aodiv                           text12       0019DC
___aodiv@counter                   cstackBANK0  00009A
___aodiv@dividend                  cstackBANK0  00008A
___aodiv@divisor                   cstackBANK0  000092
___aodiv@quotient                  cstackBANK0  00009C
___aodiv@sign                      cstackBANK0  00009B
___aomod                           text11       001E62
___aomod@counter                   cstackBANK0  00009A
___aomod@dividend                  cstackBANK0  00008A
___aomod@divisor                   cstackBANK0  000092
___aomod@sign                      cstackBANK0  00009B
___awdiv                           text76       002794
___awdiv@counter                   cstackCOMRAM 000005
___awdiv@dividend                  cstackCOMRAM 000001
___awdiv@divisor                   cstackCOMRAM 000003
___awdiv@quotient                  cstackCOMRAM 000007
___awdiv@sign                      cstackCOMRAM 000006
___awmod                           text75       002910
___awmod@counter                   cstackCOMRAM 000005
___awmod@dividend                  cstackCOMRAM 000001
___awmod@divisor                   cstackCOMRAM 000003
___awmod@sign                      cstackCOMRAM 000006
___inthi_sp                        stack        000000
___intlo_sp                        stack        000000
___lldiv                           text30       0029C0
___lldiv@counter                   cstackBANK0  000096
___lldiv@dividend                  cstackBANK0  00008A
___lldiv@divisor                   cstackBANK0  00008E
___lldiv@quotient                  cstackBANK0  000092
___lwdiv                           text74       002B66
___lwdiv@counter                   cstackCOMRAM 00000C
___lwdiv@dividend                  cstackCOMRAM 000006
___lwdiv@divisor                   cstackCOMRAM 000008
___lwdiv@quotient                  cstackCOMRAM 00000A
___lwmod                           text73       002CB4
___lwmod@counter                   cstackCOMRAM 000005
___lwmod@dividend                  cstackCOMRAM 000001
___lwmod@divisor                   cstackCOMRAM 000003
___param_bank                      (abs)        000000
___rparam_used                     (abs)        000001
___sp                              stack        000000
___wmul                            text16       003346
___wmul@multiplicand               cstackBANK0  00008C
___wmul@multiplier                 cstackBANK0  00008A
___wmul@product                    cstackBANK0  00008E
__accesstop                        (abs)        000080
__activetblptr                     (abs)        000002
__cols                             bssBANK1     000103
__displaycontrol                   bssCOMRAM    00007E
__displayfunction                  bssBANK1     000104
__displaymode                      bssCOMRAM    00007D
__end_of_Hi_ISR                    intcode_body 002E3A
__end_of_I2C_Master_Init           text29       002DDA
__end_of_I2C_Master_Read           text38       0032E6
__end_of_I2C_Master_RepeatedStart  text37       003566
__end_of_I2C_Master_Start          text36       00355E
__end_of_I2C_Master_Stop           text35       003556
__end_of_I2C_Master_Wait           text39       0033BE
__end_of_I2C_Master_Write          text34       0034FA
__end_of_PCF8563_getDate           text32       002264
__end_of_PCF8563_getTime           text31       00246E
__end_of_PCF8563_setDate           text67       00239A
__end_of_PCF8563_setTime           text45       002910
__end_of___aodiv                   text12       001B66
__end_of___aomod                   text11       001FC8
__end_of___awdiv                   text76       002858
__end_of___awmod                   text75       0029C0
__end_of___lldiv                   text30       002A66
__end_of___lwdiv                   text74       002BDA
__end_of___lwmod                   text73       002D18
__end_of___wmul                    text16       00336E
__end_of__initialization           cinit        002AE4
__end_of_abs                       text10       0030E6
__end_of_atoi                      text13       00184C
__end_of_dtoa                      text4        0013D4
__end_of_fputc                     text8        00253A
__end_of_fputs                     text7        00301A
__end_of_getI2C                    text33       0032B2
__end_of_init_i2c                  text28       003396
__end_of_init_pcf8563              text26       003316
__end_of_isdigit                   text15       0031DC
__end_of_isspace                   text14       002EE2
__end_of_lcd1602_blink             text77       003536
__end_of_lcd1602_clear             text22       00354E
__end_of_lcd1602_cmd               text25       003480
__end_of_lcd1602_cursorNextLine    text23       0034EC
__end_of_lcd1602_display           text21       003506
__end_of_lcd1602_displaychar       text18       003466
__end_of_lcd1602_home              text20       003546
__end_of_lcd1602_initial           text19       002F84
__end_of_lcd1602_noBlink           text66       00351E
__end_of_lcd1602_print             text17       003060
__end_of_lcd1602_setCursor         text24       00327E
__end_of_main                      text0        001E62
__end_of_month_day                 smallconst   00061B
__end_of_myISR                     text41       000A0A
__end_of_pad                       text5        002604
__end_of_printDate                 text46       002B66
__end_of_printTime                 text42       002C4A
__end_of_putch                     text9        003498
__end_of_setI2C                    text27       00342E
__end_of_sprintf                   text1        002E8E
__end_of_strlen                    text6        0031A2
__end_of_vfpfcnvrt                 text3        0010F0
__end_of_vfprintf                  text2        002CB4
__end_ofi2_I2C_Master_Start        text71       00357E
__end_ofi2_I2C_Master_Stop         text70       003576
__end_ofi2_I2C_Master_Wait         text72       00340A
__end_ofi2_I2C_Master_Write        text69       00352A
__end_ofi2___aodiv                 text58       001CEE
__end_ofi2___aomod                 text57       00212C
__end_ofi2___wmul                  text62       0033E4
__end_ofi2_abs                     text56       003168
__end_ofi2_atoi                    text59       0019DC
__end_ofi2_dtoa                    text50       0016B8
__end_ofi2_fputc                   text54       0026CE
__end_ofi2_fputs                   text53       0030A4
__end_ofi2_isdigit                 text61       003214
__end_ofi2_isspace                 text60       002F34
__end_ofi2_lcd1602_cmd             text78       0034C8
__end_ofi2_lcd1602_cursorNextLine  text43       003512
__end_ofi2_lcd1602_displaychar     text64       0034B0
__end_ofi2_lcd1602_home            text65       00356E
__end_ofi2_lcd1602_print           text63       003128
__end_ofi2_lcd1602_setCursor       text44       003346
__end_ofi2_pad                     text51       002794
__end_ofi2_putch                   text55       0034DE
__end_ofi2_setI2C                  text68       00344C
__end_ofi2_sprintf                 text47       002FD2
__end_ofi2_strlen                  text52       00324A
__end_ofi2_vfpfcnvrt               text49       000D80
__end_ofi2_vfprintf                text48       002D7A
__initialization                   cinit        002A66
__mediumconst                      mediumconst  000000
__pbssBANK0                        bssBANK0     0000EA
__pbssBANK1                        bssBANK1     000100
__pbssCOMRAM                       bssCOMRAM    00007D
__pcinit                           cinit        002A66
__pcstackBANK0                     cstackBANK0  000080
__pcstackBANK1                     cstackBANK1  000135
__pcstackCOMRAM                    cstackCOMRAM 000001
__pdataBANK0                       dataBANK0    0000F0
__pdataBANK1                       dataBANK1    000147
__pdataCOMRAM                      dataCOMRAM   000077
__pidataBANK0                      idataBANK0   003584
__pidataBANK1                      idataBANK1   003536
__pidataCOMRAM                     idataCOMRAM  00357E
__pintcode                         intcode      000008
__pintcode_body                    intcode_body 002DDA
__psmallconst                      smallconst   000600
__ptext0                           text0        001CEE
__ptext1                           text1        002E3A
__ptext10                          text10       0030A4
__ptext11                          text11       001E62
__ptext12                          text12       0019DC
__ptext13                          text13       0016B8
__ptext14                          text14       002E8E
__ptext15                          text15       0031A2
__ptext16                          text16       003346
__ptext17                          text17       00301A
__ptext18                          text18       00344C
__ptext19                          text19       002F34
__ptext2                           text2        002C4A
__ptext20                          text20       00353E
__ptext21                          text21       0034FA
__ptext22                          text22       003546
__ptext23                          text23       0034DE
__ptext24                          text24       00324A
__ptext25                          text25       003466
__ptext26                          text26       0032E6
__ptext27                          text27       00340A
__ptext28                          text28       00336E
__ptext29                          text29       002D7A
__ptext3                           text3        000D80
__ptext30                          text30       0029C0
__ptext31                          text31       00239A
__ptext32                          text32       00212C
__ptext33                          text33       00327E
__ptext34                          text34       0034EC
__ptext35                          text35       00354E
__ptext36                          text36       003556
__ptext37                          text37       00355E
__ptext38                          text38       0032B2
__ptext39                          text39       003396
__ptext4                           text4        0010F0
__ptext41                          text41       00064A
__ptext42                          text42       002BDA
__ptext43                          text43       003506
__ptext44                          text44       003316
__ptext45                          text45       002858
__ptext46                          text46       002AF2
__ptext47                          text47       002F84
__ptext48                          text48       002D18
__ptext49                          text49       000A0A
__ptext5                           text5        00253A
__ptext50                          text50       0013D4
__ptext51                          text51       0026CE
__ptext52                          text52       003214
__ptext53                          text53       003060
__ptext54                          text54       002604
__ptext55                          text55       0034C8
__ptext56                          text56       003128
__ptext57                          text57       001FC8
__ptext58                          text58       001B66
__ptext59                          text59       00184C
__ptext6                           text6        003168
__ptext60                          text60       002EE2
__ptext61                          text61       0031DC
__ptext62                          text62       0033BE
__ptext63                          text63       0030E6
__ptext64                          text64       003498
__ptext65                          text65       003566
__ptext66                          text66       003512
__ptext67                          text67       002264
__ptext68                          text68       00342E
__ptext69                          text69       00351E
__ptext7                           text7        002FD2
__ptext70                          text70       00356E
__ptext71                          text71       003576
__ptext72                          text72       0033E4
__ptext73                          text73       002CB4
__ptext74                          text74       002B66
__ptext75                          text75       002910
__ptext76                          text76       002794
__ptext77                          text77       00352A
__ptext78                          text78       0034B0
__ptext8                           text8        00246E
__ptext9                           text9        003480
__ramtop                           ramtop       000600
__rows                             bssBANK1     000102
__size_of_Hi_ISR                   (abs)        000000
__size_of_I2C_Master_Init          (abs)        000000
__size_of_I2C_Master_Read          (abs)        000000
__size_of_I2C_Master_RepeatedStart (abs)        000000
__size_of_I2C_Master_Start         (abs)        000000
__size_of_I2C_Master_Stop          (abs)        000000
__size_of_I2C_Master_Wait          (abs)        000000
__size_of_I2C_Master_Write         (abs)        000000
__size_of_PCF8563_getDate          (abs)        000000
__size_of_PCF8563_getTime          (abs)        000000
__size_of_PCF8563_setDate          (abs)        000000
__size_of_PCF8563_setTime          (abs)        000000
__size_of___aodiv                  (abs)        000000
__size_of___aomod                  (abs)        000000
__size_of___awdiv                  (abs)        000000
__size_of___awmod                  (abs)        000000
__size_of___lldiv                  (abs)        000000
__size_of___lwdiv                  (abs)        000000
__size_of___lwmod                  (abs)        000000
__size_of___wmul                   (abs)        000000
__size_of_abs                      (abs)        000000
__size_of_atoi                     (abs)        000000
__size_of_dtoa                     (abs)        000000
__size_of_fputc                    (abs)        000000
__size_of_fputs                    (abs)        000000
__size_of_getI2C                   (abs)        000000
__size_of_init_i2c                 (abs)        000000
__size_of_init_pcf8563             (abs)        000000
__size_of_isdigit                  (abs)        000000
__size_of_isspace                  (abs)        000000
__size_of_lcd1602_blink            (abs)        000000
__size_of_lcd1602_clear            (abs)        000000
__size_of_lcd1602_cmd              (abs)        000000
__size_of_lcd1602_cursorNextLine   (abs)        000000
__size_of_lcd1602_display          (abs)        000000
__size_of_lcd1602_displaychar      (abs)        000000
__size_of_lcd1602_home             (abs)        000000
__size_of_lcd1602_initial          (abs)        000000
__size_of_lcd1602_noBlink          (abs)        000000
__size_of_lcd1602_print            (abs)        000000
__size_of_lcd1602_setCursor        (abs)        000000
__size_of_main                     (abs)        000000
__size_of_myISR                    (abs)        000000
__size_of_pad                      (abs)        000000
__size_of_printDate                (abs)        000000
__size_of_printTime                (abs)        000000
__size_of_putch                    (abs)        000000
__size_of_setI2C                   (abs)        000000
__size_of_sprintf                  (abs)        000000
__size_of_strlen                   (abs)        000000
__size_of_vfpfcnvrt                (abs)        000000
__size_of_vfprintf                 (abs)        000000
__size_ofi2_I2C_Master_Start       (abs)        000000
__size_ofi2_I2C_Master_Stop        (abs)        000000
__size_ofi2_I2C_Master_Wait        (abs)        000000
__size_ofi2_I2C_Master_Write       (abs)        000000
__size_ofi2___aodiv                (abs)        000000
__size_ofi2___aomod                (abs)        000000
__size_ofi2___wmul                 (abs)        000000
__size_ofi2_abs                    (abs)        000000
__size_ofi2_atoi                   (abs)        000000
__size_ofi2_dtoa                   (abs)        000000
__size_ofi2_fputc                  (abs)        000000
__size_ofi2_fputs                  (abs)        000000
__size_ofi2_isdigit                (abs)        000000
__size_ofi2_isspace                (abs)        000000
__size_ofi2_lcd1602_cmd            (abs)        000000
__size_ofi2_lcd1602_cursorNextLine (abs)        000000
__size_ofi2_lcd1602_displaychar    (abs)        000000
__size_ofi2_lcd1602_home           (abs)        000000
__size_ofi2_lcd1602_print          (abs)        000000
__size_ofi2_lcd1602_setCursor      (abs)        000000
__size_ofi2_pad                    (abs)        000000
__size_ofi2_putch                  (abs)        000000
__size_ofi2_setI2C                 (abs)        000000
__size_ofi2_sprintf                (abs)        000000
__size_ofi2_strlen                 (abs)        000000
__size_ofi2_vfpfcnvrt              (abs)        000000
__size_ofi2_vfprintf               (abs)        000000
__smallconst                       smallconst   000600
_abs                               text10       0030A4
_atoi                              text13       0016B8
_atoi$980                          cstackBANK0  000099
_atoi$981                          cstackBANK0  00009D
_atoi$982                          cstackBANK0  00009B
_day                               dataCOMRAM   000077
_dbuf                              bssBANK1     000105
_dtoa                              text4        0010F0
_dtoa$945                          cstackBANK0  0000B8
_flags                             bssBANK0     0000EE
_fputc                             text8        00246E
_fputs                             text7        002FD2
_getI2C                            text33       00327E
_hour                              dataBANK0    0000F4
_init_i2c                          text28       00336E
_init_pcf8563                      text26       0032E6
_isdigit                           text15       0031A2
_isspace                           text14       002E8E
_isspace$998                       cstackBANK0  000090
_lcd1602_blink                     text77       00352A
_lcd1602_clear                     text22       003546
_lcd1602_cmd                       text25       003466
_lcd1602_cursorNextLine            text23       0034DE
_lcd1602_display                   text21       0034FA
_lcd1602_displaychar               text18       00344C
_lcd1602_home                      text20       00353E
_lcd1602_initial                   text19       002F34
_lcd1602_noBlink                   text66       003512
_lcd1602_print                     text17       00301A
_lcd1602_setCursor                 text24       00324A
_main                              text0        001CEE
_minute                            dataBANK0    0000F2
_month                             dataCOMRAM   000079
_month_day                         smallconst   000601
_myISR                             text41       00064A
_nout                              bssBANK1     000100
_pad                               text5        00253A
_prec                              bssBANK0     0000EC
_printDate                         text46       002AF2
_printTime                         text42       002BDA
_putch                             text9        003480
_second                            dataBANK0    0000F0
_setI2C                            text27       00340A
_sprintf                           text1        002E3A
_strlen                            text6        003168
_temp                              bssBANK1     000125
_vfpfcnvrt                         text3        000D80
_vfpfcnvrt$960                     cstackBANK0  0000DE
_vfprintf                          text2        002C4A
_width                             bssBANK0     0000EA
_year                              dataCOMRAM   00007B
abs@a                              cstackBANK0  00009C
atoi@n                             cstackBANK0  00009E
atoi@neg                           cstackBANK0  000097
atoi@s                             cstackBANK0  000091
btemp                              temp         00007F
dtoa@d                             cstackBANK0  0000A8
dtoa@fp                            cstackBANK0  0000A6
dtoa@i                             cstackBANK0  0000C8
dtoa@n                             cstackBANK0  0000C0
dtoa@p                             cstackBANK0  0000BA
dtoa@s                             cstackBANK0  0000BE
dtoa@w                             cstackBANK0  0000BC
end_of_initialization              cinit        002AE4
fputc@c                            cstackBANK0  00008B
fputc@fp                           cstackBANK0  00008D
fputs@c                            cstackBANK0  000098
fputs@fp                           cstackBANK0  000096
fputs@i                            cstackBANK0  000099
fputs@s                            cstackBANK0  000094
getI2C@data                        cstackBANK0  00008E
getI2C@reg                         cstackBANK0  00008D
i2I2C_Master_Write@d               cstackCOMRAM 000002
i2_I2C_Master_Start                text71       003576
i2_I2C_Master_Stop                 text70       00356E
i2_I2C_Master_Wait                 text72       0033E4
i2_I2C_Master_Write                text69       00351E
i2___aodiv                         text58       001B66
i2___aodiv@counter                 cstackCOMRAM 000011
i2___aodiv@dividend                cstackCOMRAM 000001
i2___aodiv@divisor                 cstackCOMRAM 000009
i2___aodiv@quotient                cstackCOMRAM 000013
i2___aodiv@sign                    cstackCOMRAM 000012
i2___aomod                         text57       001FC8
i2___aomod@counter                 cstackCOMRAM 000011
i2___aomod@dividend                cstackCOMRAM 000001
i2___aomod@divisor                 cstackCOMRAM 000009
i2___aomod@sign                    cstackCOMRAM 000012
i2___wmul                          text62       0033BE
i2___wmul@multiplicand             cstackCOMRAM 000003
i2___wmul@multiplier               cstackCOMRAM 000001
i2___wmul@product                  cstackCOMRAM 000005
i2_abs                             text56       003128
i2_atoi                            text59       00184C
i2_atoi$980                        cstackCOMRAM 000010
i2_atoi$981                        cstackCOMRAM 000014
i2_atoi$982                        cstackCOMRAM 000012
i2_dtoa                            text50       0013D4
i2_dtoa$945                        cstackCOMRAM 00002F
i2_fputc                           text54       002604
i2_fputs                           text53       003060
i2_isdigit                         text61       0031DC
i2_isspace                         text60       002EE2
i2_isspace$998                     cstackCOMRAM 000007
i2_lcd1602_cmd                     text78       0034B0
i2_lcd1602_cursorNextLine          text43       003506
i2_lcd1602_displaychar             text64       003498
i2_lcd1602_home                    text65       003566
i2_lcd1602_print                   text63       0030E6
i2_lcd1602_setCursor               text44       003316
i2_pad                             text51       0026CE
i2_putch                           text55       0034C8
i2_setI2C                          text68       00342E
i2_sprintf                         text47       002F84
i2_strlen                          text52       003214
i2_vfpfcnvrt                       text49       000A0A
i2_vfpfcnvrt$960                   cstackCOMRAM 000055
i2_vfprintf                        text48       002D18
i2abs@a                            cstackCOMRAM 000013
i2atoi@n                           cstackCOMRAM 000015
i2atoi@neg                         cstackCOMRAM 00000E
i2atoi@s                           cstackCOMRAM 000008
i2dtoa@d                           cstackCOMRAM 00001F
i2dtoa@fp                          cstackCOMRAM 00001D
i2dtoa@i                           cstackCOMRAM 00003F
i2dtoa@n                           cstackCOMRAM 000037
i2dtoa@p                           cstackCOMRAM 000031
i2dtoa@s                           cstackCOMRAM 000035
i2dtoa@w                           cstackCOMRAM 000033
i2fputc@c                          cstackCOMRAM 000002
i2fputc@fp                         cstackCOMRAM 000004
i2fputs@c                          cstackCOMRAM 00000F
i2fputs@fp                         cstackCOMRAM 00000D
i2fputs@i                          cstackCOMRAM 000010
i2fputs@s                          cstackCOMRAM 00000B
i2isdigit@c                        cstackCOMRAM 000001
i2isspace@c                        cstackCOMRAM 000001
i2lcd1602_cmd@cmd                  cstackCOMRAM 000001
i2lcd1602_displaychar@value        cstackCOMRAM 000001
i2lcd1602_print@i                  cstackCOMRAM 000007
i2lcd1602_print@length             cstackCOMRAM 000004
i2lcd1602_print@str                cstackCOMRAM 000002
i2lcd1602_setCursor@col            cstackCOMRAM 000002
i2lcd1602_setCursor@row            cstackCOMRAM 00000B
i2lcd1602_setCursor@row_offsets    cstackCOMRAM 000003
i2pad@buf                          cstackCOMRAM 000014
i2pad@fp                           cstackCOMRAM 000012
i2pad@i                            cstackCOMRAM 000019
i2pad@p                            cstackCOMRAM 000016
i2pad@w                            cstackCOMRAM 00001B
i2putch@byte                       cstackCOMRAM 000001
i2setI2C@data                      cstackCOMRAM 000009
i2setI2C@reg                       cstackCOMRAM 00000A
i2sprintf@ap                       cstackCOMRAM 000069
i2sprintf@f                        cstackCOMRAM 00006B
i2sprintf@fmt                      cstackCOMRAM 000061
i2sprintf@s                        cstackCOMRAM 00005F
i2strlen@a                         cstackCOMRAM 000003
i2strlen@s                         cstackCOMRAM 000001
i2vfpfcnvrt@ap                     cstackCOMRAM 000045
i2vfpfcnvrt@done                   cstackCOMRAM 000053
i2vfpfcnvrt@fmt                    cstackCOMRAM 000043
i2vfpfcnvrt@fp                     cstackCOMRAM 000041
i2vfpfcnvrt@ll                     cstackCOMRAM 00004B
i2vfprintf@ap                      cstackCOMRAM 00005B
i2vfprintf@cfmt                    cstackCOMRAM 00005D
i2vfprintf@fmt                     cstackCOMRAM 000059
i2vfprintf@fp                      cstackCOMRAM 000057
init_i2c@clock                     cstackBANK0  0000A7
init_i2c@freq                      cstackBANK0  0000A3
int$flags                          temp         00007F
int_func                           intcode_body 002DDA
intlevel0                          text         000000
intlevel1                          text         000000
intlevel2                          text         000000
intlevel3                          text         000000
isa$std                            (abs)        000001
isa$xinst                          (abs)        000000
isdigit@c                          cstackBANK0  00008A
isspace@c                          cstackBANK0  00008A
lcd1602_cmd@cmd                    cstackBANK0  00008A
lcd1602_displaychar@value          cstackBANK0  00008A
lcd1602_print@i                    cstackBANK0  000090
lcd1602_print@length               cstackBANK0  00008D
lcd1602_print@str                  cstackBANK0  00008B
lcd1602_setCursor@F2597            dataBANK1    000147
lcd1602_setCursor@col              cstackBANK0  00008B
lcd1602_setCursor@row              cstackBANK0  000094
lcd1602_setCursor@row_offsets      cstackBANK0  00008C
pad@buf                            cstackBANK0  00009D
pad@fp                             cstackBANK0  00009B
pad@i                              cstackBANK0  0000A2
pad@p                              cstackBANK0  00009F
pad@w                              cstackBANK0  0000A4
putch@byte                         cstackBANK0  00008A
setI2C@data                        cstackBANK0  00008C
setI2C@reg                         cstackBANK0  00008D
sprintf@ap                         cstackBANK1  00013F
sprintf@f                          cstackBANK1  000141
sprintf@fmt                        cstackBANK1  000137
sprintf@s                          cstackBANK1  000135
stackhi                            (abs)        0005F3
stacklo                            (abs)        00014F
start                              init         00000E
start_initialization               cinit        002A66
strlen@a                           cstackBANK0  00008C
strlen@s                           cstackBANK0  00008A
ttemp5                             temp         000080
ttemp6                             temp         000083
ttemp7                             temp         000087
vfpfcnvrt@ap                       cstackBANK0  0000CE
vfpfcnvrt@done                     cstackBANK0  0000DC
vfpfcnvrt@fmt                      cstackBANK0  0000CC
vfpfcnvrt@fp                       cstackBANK0  0000CA
vfpfcnvrt@ll                       cstackBANK0  0000D4
vfprintf@ap                        cstackBANK0  0000E4
vfprintf@cfmt                      cstackBANK0  0000E6
vfprintf@fmt                       cstackBANK0  0000E2
vfprintf@fp                        cstackBANK0  0000E0
wtemp8                             temp         000080


MODULE INFORMATION

Module		Function		Class		Link	Load	Size
C:\Program Files\Microchip\xc8\v2.32\pic\sources\c99\common\nf_sprintf.c
		_sprintf       		CODE           	2E3A	0000	84

C:\Program Files\Microchip\xc8\v2.32\pic\sources\c99\common\nf_sprintf.c estimated size: 84

C:\Program Files\Microchip\xc8\v2.32\pic\sources\c99\common\awdiv.c
		___awdiv       		CODE           	2794	0000	196

C:\Program Files\Microchip\xc8\v2.32\pic\sources\c99\common\awdiv.c estimated size: 196

C:\Program Files\Microchip\xc8\v2.32\pic\sources\c99\common\isdigit.c
		_isdigit       		CODE           	31A2	0000	58

C:\Program Files\Microchip\xc8\v2.32\pic\sources\c99\common\isdigit.c estimated size: 58

C:\Program Files\Microchip\xc8\v2.32\pic\sources\c99\common\doprnt.c
		_vfpfcnvrt     		CODE           	0D80	0000	880
		_pad           		CODE           	253A	0000	202
		_dtoa          		CODE           	10F0	0000	740
		_vfprintf      		CODE           	2C4A	0000	106

C:\Program Files\Microchip\xc8\v2.32\pic\sources\c99\common\doprnt.c estimated size: 1928

C:\Program Files\Microchip\xc8\v2.32\pic\sources\c99\common\lwmod.c
		___lwmod       		CODE           	2CB4	0000	100

C:\Program Files\Microchip\xc8\v2.32\pic\sources\c99\common\lwmod.c estimated size: 100

C:\Program Files\Microchip\xc8\v2.32\pic\sources\c99\common\atoi.c
		_atoi          		CODE           	16B8	0000	404

C:\Program Files\Microchip\xc8\v2.32\pic\sources\c99\common\atoi.c estimated size: 404

C:\Program Files\Microchip\xc8\v2.32\pic\sources\c99\common\nf_fputs.c
		_fputs         		CODE           	2FD2	0000	72

C:\Program Files\Microchip\xc8\v2.32\pic\sources\c99\common\nf_fputs.c estimated size: 72

src/i2c.c
		_I2C_Master_Read		CODE           	32B2	0000	52
		_I2C_Master_Wait		CODE           	3396	0000	40
		_I2C_Master_Init		CODE           	2D7A	0000	96
		_I2C_Master_Stop		CODE           	354E	0000	8
		_I2C_Master_RepeatedStart		CODE           	355E	0000	8
		_I2C_Master_Write		CODE           	34EC	0000	14
		_I2C_Master_Start		CODE           	3556	0000	8
		_init_i2c      		CODE           	336E	0000	40

src/i2c.c estimated size: 266

C:\Program Files\Microchip\xc8\v2.32\pic\sources\c99\common\Umul16.c
		___wmul        		CODE           	3346	0000	40

C:\Program Files\Microchip\xc8\v2.32\pic\sources\c99\common\Umul16.c estimated size: 40

C:\Program Files\Microchip\xc8\v2.32\pic\sources\c99\common\abs.c
		_abs           		CODE           	30A4	0000	66

C:\Program Files\Microchip\xc8\v2.32\pic\sources\c99\common\abs.c estimated size: 66

src/myprintf.c
		_putch         		CODE           	3480	0000	24

src/myprintf.c estimated size: 24

C:\Program Files\Microchip\xc8\v2.32\pic\sources\c99\common\aomod.c
		___aomod       		CODE           	1E62	0000	358

C:\Program Files\Microchip\xc8\v2.32\pic\sources\c99\common\aomod.c estimated size: 358

src/main.c
		_myISR         		CODE           	064A	0000	960
		_main          		CODE           	1CEE	0000	372
		_printDate     		CODE           	2AF2	0000	116
		_printTime     		CODE           	2BDA	0000	112
		_Hi_ISR        		CODE           	0008	0000	102

src/main.c estimated size: 1662

C:\Program Files\Microchip\xc8\v2.32\pic\sources\c99\common\isspace.c
		_isspace       		CODE           	2E8E	0000	84

C:\Program Files\Microchip\xc8\v2.32\pic\sources\c99\common\isspace.c estimated size: 84

shared
		i2_lcd1602_displaychar		CODE           	3498	0000	24
		i2_vfpfcnvrt   		CODE           	0A0A	0000	886
		i2_pad         		CODE           	26CE	0000	198
		i2_atoi        		CODE           	184C	0000	400
		i2_abs         		CODE           	3128	0000	64
		i2_I2C_Master_Start		CODE           	3576	0000	8
		i2_putch       		CODE           	34C8	0000	22
		i2_isspace     		CODE           	2EE2	0000	82
		i2_lcd1602_cmd 		CODE           	34B0	0000	24
		i2_vfprintf    		CODE           	2D18	0000	98
		i2_lcd1602_cursorNextLine		CODE           	3506	0000	12
		i2_isdigit     		CODE           	31DC	0000	56
		i2_lcd1602_home		CODE           	3566	0000	8
		i2___wmul      		CODE           	33BE	0000	38
		i2_dtoa        		CODE           	13D4	0000	740
		__initialization		CODE           	2A66	0000	126
		i2___aodiv     		CODE           	1B66	0000	392
		i2_I2C_Master_Wait		CODE           	33E4	0000	38
		i2_lcd1602_print		CODE           	30E6	0000	66
		i2_I2C_Master_Stop		CODE           	356E	0000	8
		i2_sprintf     		CODE           	2F84	0000	78
		_month_day     		SMALLCONST     	0601	0000	26
		i2_lcd1602_setCursor		CODE           	3316	0000	48
		i2_setI2C      		CODE           	342E	0000	30
		i2___aomod     		CODE           	1FC8	0000	356
		i2_fputc       		CODE           	2604	0000	202
		i2_I2C_Master_Write		CODE           	351E	0000	12
		i2_fputs       		CODE           	3060	0000	68
		i2_strlen      		CODE           	3214	0000	54

shared estimated size: 4164

C:\Program Files\Microchip\xc8\v2.32\pic\sources\c99\common\awmod.c
		___awmod       		CODE           	2910	0000	176

C:\Program Files\Microchip\xc8\v2.32\pic\sources\c99\common\awmod.c estimated size: 176

src/pcf8563.c
		_init_pcf8563  		CODE           	32E6	0000	48
		_getI2C        		CODE           	327E	0000	52
		_setI2C        		CODE           	340A	0000	36
		_PCF8563_getDate		CODE           	212C	0000	312
		_PCF8563_setDate		CODE           	2264	0000	310
		_PCF8563_getTime		CODE           	239A	0000	212
		_PCF8563_setTime		CODE           	2858	0000	184

src/pcf8563.c estimated size: 1154

C:\Program Files\Microchip\xc8\v2.32\pic\sources\c99\common\lwdiv.c
		___lwdiv       		CODE           	2B66	0000	116

C:\Program Files\Microchip\xc8\v2.32\pic\sources\c99\common\lwdiv.c estimated size: 116

C:\Program Files\Microchip\xc8\v2.32\pic\sources\c99\common\nf_fputc.c
		_fputc         		CODE           	246E	0000	204

C:\Program Files\Microchip\xc8\v2.32\pic\sources\c99\common\nf_fputc.c estimated size: 204

C:\Program Files\Microchip\xc8\v2.32\pic\sources\c99\common\aodiv.c
		___aodiv       		CODE           	19DC	0000	394

C:\Program Files\Microchip\xc8\v2.32\pic\sources\c99\common\aodiv.c estimated size: 394

src/lcd1602.c
		_lcd1602_cmd   		CODE           	3466	0000	26
		_lcd1602_home  		CODE           	353E	0000	8
		_lcd1602_clear 		CODE           	3546	0000	8
		_lcd1602_blink 		CODE           	352A	0000	12
		_lcd1602_print 		CODE           	301A	0000	70
		_lcd1602_displaychar		CODE           	344C	0000	26
		_lcd1602_setCursor		CODE           	324A	0000	52
		_lcd1602_initial		CODE           	2F34	0000	80
		_lcd1602_noBlink		CODE           	3512	0000	12
		_lcd1602_display		CODE           	34FA	0000	12
		_lcd1602_cursorNextLine		CODE           	34DE	0000	14

src/lcd1602.c estimated size: 320

C:\Program Files\Microchip\xc8\v2.32\pic\sources\c99\common\__lldiv.c
		___lldiv       		CODE           	29C0	0000	166

C:\Program Files\Microchip\xc8\v2.32\pic\sources\c99\common\__lldiv.c estimated size: 166

C:\Program Files\Microchip\xc8\v2.32\pic\sources\c99\common\strlen.c
		_strlen        		CODE           	3168	0000	58

C:\Program Files\Microchip\xc8\v2.32\pic\sources\c99\common\strlen.c estimated size: 58

